Component: ARM Compiler 5.06 update 7 (build 960) Tool: armlink [4d3601]

==============================================================================

Section Cross References

    startup_stm32f103xe.o(STACK) refers (Special) to heapauxi.o(.text) for __use_two_region_memory
    startup_stm32f103xe.o(HEAP) refers (Special) to heapauxi.o(.text) for __use_two_region_memory
    startup_stm32f103xe.o(RESET) refers (Special) to heapauxi.o(.text) for __use_two_region_memory
    startup_stm32f103xe.o(RESET) refers to startup_stm32f103xe.o(STACK) for __initial_sp
    startup_stm32f103xe.o(RESET) refers to startup_stm32f103xe.o(.text) for Reset_Handler
    startup_stm32f103xe.o(RESET) refers to stm32f1xx_it.o(i.NMI_Handler) for NMI_Handler
    startup_stm32f103xe.o(RESET) refers to stm32f1xx_it.o(i.HardFault_Handler) for HardFault_Handler
    startup_stm32f103xe.o(RESET) refers to stm32f1xx_it.o(i.MemManage_Handler) for MemManage_Handler
    startup_stm32f103xe.o(RESET) refers to stm32f1xx_it.o(i.BusFault_Handler) for BusFault_Handler
    startup_stm32f103xe.o(RESET) refers to stm32f1xx_it.o(i.UsageFault_Handler) for UsageFault_Handler
    startup_stm32f103xe.o(RESET) refers to port.o(.emb_text) for SVC_Handler
    startup_stm32f103xe.o(RESET) refers to stm32f1xx_it.o(i.DebugMon_Handler) for DebugMon_Handler
    startup_stm32f103xe.o(RESET) refers to delay.o(i.SysTick_Handler) for SysTick_Handler
    startup_stm32f103xe.o(RESET) refers to freertos_demo.o(i.EXTI3_IRQHandler) for EXTI3_IRQHandler
    startup_stm32f103xe.o(RESET) refers to freertos_demo.o(i.EXTI4_IRQHandler) for EXTI4_IRQHandler
    startup_stm32f103xe.o(RESET) refers to freertos_demo.o(i.TIM2_IRQHandler) for TIM2_IRQHandler
    startup_stm32f103xe.o(RESET) refers to freertos_demo.o(i.TIM3_IRQHandler) for TIM3_IRQHandler
    startup_stm32f103xe.o(RESET) refers to usart_1.o(i.USART1_IRQHandler) for USART1_IRQHandler
    startup_stm32f103xe.o(.text) refers (Special) to heapauxi.o(.text) for __use_two_region_memory
    startup_stm32f103xe.o(.text) refers to system_stm32f1xx.o(i.SystemInit) for SystemInit
    startup_stm32f103xe.o(.text) refers to __main.o(!!!main) for __main
    startup_stm32f103xe.o(.text) refers to startup_stm32f103xe.o(HEAP) for Heap_Mem
    startup_stm32f103xe.o(.text) refers to startup_stm32f103xe.o(STACK) for Stack_Mem
    main.o(i.SystemClock_Config) refers to rt_memclr_w.o(.text) for __aeabi_memclr4
    main.o(i.SystemClock_Config) refers to stm32f1xx_hal_rcc.o(i.HAL_RCC_OscConfig) for HAL_RCC_OscConfig
    main.o(i.SystemClock_Config) refers to stm32f1xx_hal_rcc.o(i.HAL_RCC_ClockConfig) for HAL_RCC_ClockConfig
    main.o(i.main) refers to stm32f1xx_hal.o(i.HAL_Init) for HAL_Init
    main.o(i.main) refers to delay.o(i.delay_init) for delay_init
    main.o(i.main) refers to main.o(i.SystemClock_Config) for SystemClock_Config
    main.o(i.main) refers to stm32f1xx_hal_cortex.o(i.HAL_NVIC_SetPriorityGrouping) for HAL_NVIC_SetPriorityGrouping
    main.o(i.main) refers to gpio.o(i.MX_GPIO_Init) for MX_GPIO_Init
    main.o(i.main) refers to usart_1.o(i.uart_init) for uart_init
    main.o(i.main) refers to freertos_demo.o(i.freeRTOS_demo) for freeRTOS_demo
    gpio.o(i.MX_GPIO_Init) refers to stm32f1xx_hal_gpio.o(i.HAL_GPIO_WritePin) for HAL_GPIO_WritePin
    gpio.o(i.MX_GPIO_Init) refers to stm32f1xx_hal_gpio.o(i.HAL_GPIO_Init) for HAL_GPIO_Init
    usart.o(i.HAL_UART_MspDeInit) refers to stm32f1xx_hal_gpio.o(i.HAL_GPIO_DeInit) for HAL_GPIO_DeInit
    usart.o(i.MX_USART1_UART_Init) refers to stm32f1xx_hal_uart.o(i.HAL_UART_Init) for HAL_UART_Init
    usart.o(i.MX_USART1_UART_Init) refers to main.o(i.Error_Handler) for Error_Handler
    usart.o(i.MX_USART1_UART_Init) refers to usart.o(.bss) for .bss
    stm32f1xx_hal_msp.o(i.HAL_MspInit) refers to stm32f1xx_hal_cortex.o(i.HAL_NVIC_SetPriorityGrouping) for HAL_NVIC_SetPriorityGrouping
    freertos_demo.o(i.CONFIGURE_TIMER_FOR_RUN_TIME_STATS) refers to freertos_demo.o(i.timer_Init) for timer_Init
    freertos_demo.o(i.CONFIGURE_TIMER_FOR_RUN_TIME_STATS) refers to freertos_demo.o(.data) for .data
    freertos_demo.o(i.EXTI3_IRQHandler) refers to stm32f1xx_hal_gpio.o(i.HAL_GPIO_ReadPin) for HAL_GPIO_ReadPin
    freertos_demo.o(i.EXTI3_IRQHandler) refers to stm32f1xx_hal_gpio.o(i.HAL_GPIO_EXTI_IRQHandler) for HAL_GPIO_EXTI_IRQHandler
    freertos_demo.o(i.EXTI4_IRQHandler) refers to stm32f1xx_hal_gpio.o(i.HAL_GPIO_ReadPin) for HAL_GPIO_ReadPin
    freertos_demo.o(i.EXTI4_IRQHandler) refers to stm32f1xx_hal_gpio.o(i.HAL_GPIO_EXTI_IRQHandler) for HAL_GPIO_EXTI_IRQHandler
    freertos_demo.o(i.HAL_TIM_PeriodElapsedCallback) refers to noretval__2printf.o(.text) for __2printf
    freertos_demo.o(i.HAL_TIM_PeriodElapsedCallback) refers to freertos_demo.o(.data) for .data
    freertos_demo.o(i.Start_Task) refers to port.o(i.vPortEnterCritical) for vPortEnterCritical
    freertos_demo.o(i.Start_Task) refers to timers.o(i.xTimerCreate) for xTimerCreate
[...]
    i.HAL_SYSTICK_CLKSourceConfig            0x08001168   Section        0  stm32f1xx_hal_cortex.o(i.HAL_SYSTICK_CLKSourceConfig)
    i.HAL_SYSTICK_Config                     0x08001180   Section        0  stm32f1xx_hal_cortex.o(i.HAL_SYSTICK_Config)
    i.HAL_TIMEx_BreakCallback                0x080011a8   Section        0  stm32f1xx_hal_tim_ex.o(i.HAL_TIMEx_BreakCallback)
    i.HAL_TIMEx_CommutCallback               0x080011aa   Section        0  stm32f1xx_hal_tim_ex.o(i.HAL_TIMEx_CommutCallback)
    i.HAL_TIM_Base_Init                      0x080011ac   Section        0  stm32f1xx_hal_tim.o(i.HAL_TIM_Base_Init)
    i.HAL_TIM_Base_MspInit                   0x08001206   Section        0  stm32f1xx_hal_tim.o(i.HAL_TIM_Base_MspInit)
    i.HAL_TIM_Base_Start_IT                  0x08001208   Section        0  stm32f1xx_hal_tim.o(i.HAL_TIM_Base_Start_IT)
    i.HAL_TIM_IC_CaptureCallback             0x08001274   Section        0  stm32f1xx_hal_tim.o(i.HAL_TIM_IC_CaptureCallback)
    i.HAL_TIM_IRQHandler                     0x08001276   Section        0  stm32f1xx_hal_tim.o(i.HAL_TIM_IRQHandler)
    i.HAL_TIM_OC_DelayElapsedCallback        0x080013dc   Section        0  stm32f1xx_hal_tim.o(i.HAL_TIM_OC_DelayElapsedCallback)
    i.HAL_TIM_PWM_PulseFinishedCallback      0x080013de   Section        0  stm32f1xx_hal_tim.o(i.HAL_TIM_PWM_PulseFinishedCallback)
    i.HAL_TIM_PeriodElapsedCallback          0x080013e0   Section        0  freertos_demo.o(i.HAL_TIM_PeriodElapsedCallback)
    i.HAL_TIM_TriggerCallback                0x0800141c   Section        0  stm32f1xx_hal_tim.o(i.HAL_TIM_TriggerCallback)
    i.HAL_UARTEx_RxEventCallback             0x0800141e   Section        0  stm32f1xx_hal_uart.o(i.HAL_UARTEx_RxEventCallback)
    i.HAL_UART_ErrorCallback                 0x08001420   Section        0  stm32f1xx_hal_uart.o(i.HAL_UART_ErrorCallback)
    i.HAL_UART_GetState                      0x08001422   Section        0  stm32f1xx_hal_uart.o(i.HAL_UART_GetState)
    i.HAL_UART_IRQHandler                    0x0800142c   Section        0  stm32f1xx_hal_uart.o(i.HAL_UART_IRQHandler)
    i.HAL_UART_Init                          0x08001638   Section        0  stm32f1xx_hal_uart.o(i.HAL_UART_Init)
    i.HAL_UART_MspInit                       0x0800169c   Section        0  usart_1.o(i.HAL_UART_MspInit)
    i.HAL_UART_Receive_IT                    0x08001728   Section        0  stm32f1xx_hal_uart.o(i.HAL_UART_Receive_IT)
    i.HAL_UART_RxCpltCallback                0x08001754   Section        0  usart_1.o(i.HAL_UART_RxCpltCallback)
    i.HAL_UART_TxCpltCallback                0x080017ac   Section        0  stm32f1xx_hal_uart.o(i.HAL_UART_TxCpltCallback)
    i.HardFault_Handler                      0x080017ae   Section        0  stm32f1xx_it.o(i.HardFault_Handler)
    i.MX_GPIO_Init                           0x080017b0   Section        0  gpio.o(i.MX_GPIO_Init)
    i.MemManage_Handler                      0x08001854   Section        0  stm32f1xx_it.o(i.MemManage_Handler)
    i.NMI_Handler                            0x08001856   Section        0  stm32f1xx_it.o(i.NMI_Handler)
    i.Start_Task                             0x08001858   Section        0  freertos_demo.o(i.Start_Task)
    i.SysTick_Handler                        0x080018f4   Section        0  delay.o(i.SysTick_Handler)
    i.SystemClock_Config                     0x08001908   Section        0  main.o(i.SystemClock_Config)
    i.SystemInit                             0x08001966   Section        0  system_stm32f1xx.o(i.SystemInit)
    i.TIM2_IRQHandler                        0x08001968   Section        0  freertos_demo.o(i.TIM2_IRQHandler)
    i.TIM3_IRQHandler                        0x08001974   Section        0  freertos_demo.o(i.TIM3_IRQHandler)
    i.TIM_Base_SetConfig                     0x08001980   Section        0  stm32f1xx_hal_tim.o(i.TIM_Base_SetConfig)
    i.Task1                                  0x08001a0c   Section        0  freertos_demo.o(i.Task1)
    i.Timer1_Callback                        0x08001a60   Section        0  freertos_demo.o(i.Timer1_Callback)
    i.Timer2_Callback                        0x08001a90   Section        0  freertos_demo.o(i.Timer2_Callback)
    i.UART_DMAAbortOnError                   0x08001ac0   Section        0  stm32f1xx_hal_uart.o(i.UART_DMAAbortOnError)
    UART_DMAAbortOnError                     0x08001ac1   Thumb Code    16  stm32f1xx_hal_uart.o(i.UART_DMAAbortOnError)
    i.UART_EndRxTransfer                     0x08001ad0   Section        0  stm32f1xx_hal_uart.o(i.UART_EndRxTransfer)
    UART_EndRxTransfer                       0x08001ad1   Thumb Code    48  stm32f1xx_hal_uart.o(i.UART_EndRxTransfer)
    i.UART_Receive_IT                        0x08001b00   Section        0  stm32f1xx_hal_uart.o(i.UART_Receive_IT)
    UART_Receive_IT                          0x08001b01   Thumb Code   182  stm32f1xx_hal_uart.o(i.UART_Receive_IT)
    i.UART_SetConfig                         0x08001bb8   Section        0  stm32f1xx_hal_uart.o(i.UART_SetConfig)
    UART_SetConfig                           0x08001bb9   Thumb Code   178  stm32f1xx_hal_uart.o(i.UART_SetConfig)
    i.UART_Start_Receive_IT                  0x08001c70   Section        0  stm32f1xx_hal_uart.o(i.UART_Start_Receive_IT)
    i.USART1_IRQHandler                      0x08001ca8   Section        0  usart_1.o(i.USART1_IRQHandler)
    i.UsageFault_Handler                     0x08001cd4   Section        0  stm32f1xx_it.o(i.UsageFault_Handler)
    i.__NVIC_SetPriority                     0x08001cd6   Section        0  stm32f1xx_hal_cortex.o(i.__NVIC_SetPriority)
    __NVIC_SetPriority                       0x08001cd7   Thumb Code    32  stm32f1xx_hal_cortex.o(i.__NVIC_SetPriority)
    i._sys_exit                              0x08001cf6   Section        0  usart_1.o(i._sys_exit)
    i.delay_init                             0x08001cf8   Section        0  delay.o(i.delay_init)
    i.eTaskConfirmSleepModeStatus            0x08001d40   Section        0  tasks.o(i.eTaskConfirmSleepModeStatus)
    i.fputc                                  0x08001d74   Section        0  usart_1.o(i.fputc)
    i.freeRTOS_demo                          0x08001d8c   Section        0  freertos_demo.o(i.freeRTOS_demo)
    i.main                                   0x08001dc4   Section        0  main.o(i.main)
    i.prvAddCurrentTaskToDelayedList         0x08001dec   Section        0  tasks.o(i.prvAddCurrentTaskToDelayedList)
    prvAddCurrentTaskToDelayedList           0x08001ded   Thumb Code   134  tasks.o(i.prvAddCurrentTaskToDelayedList)
    i.prvAddNewTaskToReadyList               0x08001e7c   Section        0  tasks.o(i.prvAddNewTaskToReadyList)
    prvAddNewTaskToReadyList                 0x08001e7d   Thumb Code   224  tasks.o(i.prvAddNewTaskToReadyList)
    i.prvCheckForValidListAndQueue           0x08001f6c   Section        0  timers.o(i.prvCheckForValidListAndQueue)
    prvCheckForValidListAndQueue             0x08001f6d   Thumb Code    72  timers.o(i.prvCheckForValidListAndQueue)
    i.prvCopyDataFromQueue                   0x08001fc4   Section        0  queue.o(i.prvCopyDataFromQueue)
    prvCopyDataFromQueue                     0x08001fc5   Thumb Code    38  queue.o(i.prvCopyDataFromQueue)
    i.prvCopyDataToQueue                     0x08001fea   Section        0  queue.o(i.prvCopyDataToQueue)
    prvCopyDataToQueue                       0x08001feb   Thumb Code   108  queue.o(i.prvCopyDataToQueue)
    i.prvDeleteTCB                           0x08002058   Section        0  tasks.o(i.prvDeleteTCB)
    prvDeleteTCB                             0x08002059   Thumb Code    52  tasks.o(i.prvDeleteTCB)
    i.prvGetExpectedIdleTime                 0x080020b8   Section        0  tasks.o(i.prvGetExpectedIdleTime)
    prvGetExpectedIdleTime                   0x080020b9   Thumb Code    44  tasks.o(i.prvGetExpectedIdleTime)
    i.prvHeapInit                            0x080020ec   Section        0  heap_4.o(i.prvHeapInit)
    prvHeapInit                              0x080020ed   Thumb Code    66  heap_4.o(i.prvHeapInit)
    i.prvIdleTask                            0x08002138   Section        0  tasks.o(i.prvIdleTask)
    prvIdleTask                              0x08002139   Thumb Code   124  tasks.o(i.prvIdleTask)
    i.prvInitialiseNewQueue                  0x080021f0   Section        0  queue.o(i.prvInitialiseNewQueue)
    prvInitialiseNewQueue                    0x080021f1   Thumb Code    38  queue.o(i.prvInitialiseNewQueue)
    i.prvInitialiseNewTask                   0x08002218   Section        0  tasks.o(i.prvInitialiseNewTask)
    prvInitialiseNewTask                     0x08002219   Thumb Code   178  tasks.o(i.prvInitialiseNewTask)
    i.prvInitialiseNewTimer                  0x080022f8   Section        0  timers.o(i.prvInitialiseNewTimer)
    prvInitialiseNewTimer                    0x080022f9   Thumb Code    68  timers.o(i.prvInitialiseNewTimer)
    i.prvInsertBlockIntoFreeList             0x08002368   Section        0  heap_4.o(i.prvInsertBlockIntoFreeList)
    prvInsertBlockIntoFreeList               0x08002369   Thumb Code    72  heap_4.o(i.prvInsertBlockIntoFreeList)
    i.prvInsertTimerInActiveList             0x080023b4   Section        0  timers.o(i.prvInsertTimerInActiveList)
    prvInsertTimerInActiveList               0x080023b5   Thumb Code    54  timers.o(i.prvInsertTimerInActiveList)
    i.prvIsQueueEmpty                        0x080023f0   Section        0  queue.o(i.prvIsQueueEmpty)
    prvIsQueueEmpty                          0x080023f1   Thumb Code    28  queue.o(i.prvIsQueueEmpty)
    i.prvNotifyQueueSetContainer             0x0800240c   Section        0  queue.o(i.prvNotifyQueueSetContainer)
    prvNotifyQueueSetContainer               0x0800240d   Thumb Code   116  queue.o(i.prvNotifyQueueSetContainer)
    i.prvProcessExpiredTimer                 0x080024ac   Section        0  timers.o(i.prvProcessExpiredTimer)
    prvProcessExpiredTimer                   0x080024ad   Thumb Code    58  timers.o(i.prvProcessExpiredTimer)
    i.prvProcessReceivedCommands             0x080024ec   Section        0  timers.o(i.prvProcessReceivedCommands)
    prvProcessReceivedCommands               0x080024ed   Thumb Code   248  timers.o(i.prvProcessReceivedCommands)
    i.prvProcessTimerOrBlockTask             0x08002614   Section        0  timers.o(i.prvProcessTimerOrBlockTask)
    prvProcessTimerOrBlockTask               0x08002615   Thumb Code   100  timers.o(i.prvProcessTimerOrBlockTask)
    i.prvReloadTimer                         0x08002680   Section        0  timers.o(i.prvReloadTimer)
    prvReloadTimer                           0x08002681   Thumb Code    44  timers.o(i.prvReloadTimer)
    i.prvResetNextTaskUnblockTime            0x080026ac   Section        0  tasks.o(i.prvResetNextTaskUnblockTime)
    prvResetNextTaskUnblockTime              0x080026ad   Thumb Code    24  tasks.o(i.prvResetNextTaskUnblockTime)
    i.prvSampleTimeNow                       0x080026c8   Section        0  timers.o(i.prvSampleTimeNow)
    prvSampleTimeNow                         0x080026c9   Thumb Code    66  timers.o(i.prvSampleTimeNow)
    i.prvTaskExitError                       0x08002710   Section        0  port.o(i.prvTaskExitError)
    prvTaskExitError                         0x08002711   Thumb Code    34  port.o(i.prvTaskExitError)
    i.prvTimerTask                           0x08002778   Section        0  timers.o(i.prvTimerTask)
    prvTimerTask                             0x08002779   Thumb Code    32  timers.o(i.prvTimerTask)
    i.prvUnlockQueue                         0x0800279c   Section        0  queue.o(i.prvUnlockQueue)
    prvUnlockQueue                           0x0800279d   Thumb Code   118  queue.o(i.prvUnlockQueue)
    i.pvPortMalloc                           0x08002814   Section        0  heap_4.o(i.pvPortMalloc)
    i.pxPortInitialiseStack                  0x08002940   Section        0  port.o(i.pxPortInitialiseStack)
    i.task2                                  0x08002964   Section        0  freertos_demo.o(i.task2)
    i.timer_Init                             0x08002990   Section        0  freertos_demo.o(i.timer_Init)
    i.uart_init                              0x08002a08   Section        0  usart_1.o(i.uart_init)
    i.uxListRemove                           0x08002a40   Section        0  list.o(i.uxListRemove)
    i.vApplicationGetIdleTaskMemory          0x08002a68   Section        0  freertos_demo.o(i.vApplicationGetIdleTaskMemory)
    i.vApplicationGetTimerTaskMemory         0x08002a7c   Section        0  freertos_demo.o(i.vApplicationGetTimerTaskMemory)
    i.vListInitialise                        0x08002a90   Section        0  list.o(i.vListInitialise)
    i.vListInitialiseItem                    0x08002aa6   Section        0  list.o(i.vListInitialiseItem)
    i.vListInsert                            0x08002aac   Section        0  list.o(i.vListInsert)
    i.vListInsertEnd                         0x08002ae0   Section        0  list.o(i.vListInsertEnd)
    i.vPortEnterCritical                     0x08002af8   Section        0  port.o(i.vPortEnterCritical)
    i.vPortExitCritical                      0x08002b74   Section        0  port.o(i.vPortExitCritical)
    i.vPortFree                              0x08002bdc   Section        0  heap_4.o(i.vPortFree)
    i.vPortSetupTimerInterrupt               0x08002c84   Section        0  port.o(i.vPortSetupTimerInterrupt)
    i.vPortSuppressTicksAndSleep             0x08002ccc   Section        0  port.o(i.vPortSuppressTicksAndSleep)
    i.vPortValidateInterruptPriority         0x08002da0   Section        0  port.o(i.vPortValidateInterruptPriority)
    i.vQueueAddToRegistry                    0x08002e30   Section        0  queue.o(i.vQueueAddToRegistry)
    i.vQueueWaitForMessageRestricted         0x08002eac   Section        0  queue.o(i.vQueueWaitForMessageRestricted)
    i.vTaskDelay                             0x08002ef0   Section        0  tasks.o(i.vTaskDelay)
    i.vTaskDelete                            0x08002f64   Section        0  tasks.o(i.vTaskDelete)
    i.vTaskInternalSetTimeOutState           0x08003040   Section        0  tasks.o(i.vTaskInternalSetTimeOutState)
    i.vTaskMissedYield                       0x08003050   Section        0  tasks.o(i.vTaskMissedYield)
    i.vTaskPlaceOnEventList                  0x0800305c   Section        0  tasks.o(i.vTaskPlaceOnEventList)
    i.vTaskPlaceOnEventListRestricted        0x080030b8   Section        0  tasks.o(i.vTaskPlaceOnEventListRestricted)
    i.vTaskStartScheduler                    0x08003138   Section        0  tasks.o(i.vTaskStartScheduler)
    i.vTaskStepTick                          0x080031e8   Section        0  tasks.o(i.vTaskStepTick)
    i.vTaskSuspendAll                        0x0800323c   Section        0  tasks.o(i.vTaskSuspendAll)
    i.vTaskSwitchContext                     0x0800324c   Section        0  tasks.o(i.vTaskSwitchContext)
    i.xPortStartScheduler                    0x080032f4   Section        0  port.o(i.xPortStartScheduler)
    i.xPortSysTickHandler                    0x080033e8   Section        0  port.o(i.xPortSysTickHandler)
    i.xQueueGenericCreateStatic              0x08003414   Section        0  queue.o(i.xQueueGenericCreateStatic)
    i.xQueueGenericReset                     0x080034a0   Section        0  queue.o(i.xQueueGenericReset)
    i.xQueueGenericSend                      0x08003578   Section        0  queue.o(i.xQueueGenericSend)
    i.xQueueGenericSendFromISR               0x08003710   Section        0  queue.o(i.xQueueGenericSendFromISR)
    i.xQueueReceive                          0x08003810   Section        0  queue.o(i.xQueueReceive)
    i.xTaskCheckForTimeOut                   0x0800396c   Section        0  tasks.o(i.xTaskCheckForTimeOut)
    i.xTaskCreate                            0x08003a10   Section        0  tasks.o(i.xTaskCreate)
    i.xTaskCreateStatic                      0x08003a6c   Section        0  tasks.o(i.xTaskCreateStatic)
    i.xTaskGetSchedulerState                 0x08003b04   Section        0  tasks.o(i.xTaskGetSchedulerState)
    i.xTaskGetTickCount                      0x08003b20   Section        0  tasks.o(i.xTaskGetTickCount)
    i.xTaskIncrementTick                     0x08003b38   Section        0  tasks.o(i.xTaskIncrementTick)
    i.xTaskPriorityDisinherit                0x08003c9c   Section        0  tasks.o(i.xTaskPriorityDisinherit)
    i.xTaskRemoveFromEventList               0x08003d78   Section        0  tasks.o(i.xTaskRemoveFromEventList)
    i.xTaskResumeAll                         0x08003e80   Section        0  tasks.o(i.xTaskResumeAll)
    i.xTimerCreate                           0x08003fdc   Section        0  timers.o(i.xTimerCreate)
    i.xTimerCreateTimerTask                  0x08004010   Section        0  timers.o(i.xTimerCreateTimerTask)
    i.xTimerGenericCommand                   0x0800409c   Section        0  timers.o(i.xTimerGenericCommand)
    .constdata                               0x08004130   Section       16  system_stm32f1xx.o(.constdata)
    .constdata                               0x08004140   Section        8  system_stm32f1xx.o(.constdata)
    .data                                    0x20000000   Section       24  freertos_demo.o(.data)
    num1                                     0x20000000   Data           1  freertos_demo.o(.data)
    num2                                     0x20000001   Data           1  freertos_demo.o(.data)
    .data                                    0x20000018   Section       12  stm32f1xx_hal.o(.data)
    .data                                    0x20000024   Section        4  system_stm32f1xx.o(.data)
    .data                                    0x20000028   Section       68  tasks.o(.data)
    xTickCount                               0x20000028   Data           2  tasks.o(.data)
    xPendedTicks                             0x2000002a   Data           2  tasks.o(.data)
    xNextTaskUnblockTime                     0x2000002c   Data           2  tasks.o(.data)
    uxDeletedTasksWaitingCleanUp             0x20000034   Data           4  tasks.o(.data)
    uxCurrentNumberOfTasks                   0x20000038   Data           4  tasks.o(.data)
    uxTopReadyPriority                       0x2000003c   Data           4  tasks.o(.data)
    xSchedulerRunning                        0x20000040   Data           4  tasks.o(.data)
    xYieldPending                            0x20000044   Data           4  tasks.o(.data)
    xNumOfOverflows                          0x20000048   Data           4  tasks.o(.data)
    uxTaskNumber                             0x2000004c   Data           4  tasks.o(.data)
    xIdleTaskHandle                          0x20000050   Data           4  tasks.o(.data)
    uxSchedulerSuspended                     0x20000058   Data           4  tasks.o(.data)
    ulTaskSwitchedInTime                     0x2000005c   Data           4  tasks.o(.data)
    ulTotalRunTime                           0x20000060   Data           4  tasks.o(.data)
    pxDelayedTaskList                        0x20000064   Data           4  tasks.o(.data)
    pxOverflowDelayedTaskList                0x20000068   Data           4  tasks.o(.data)
    .data                                    0x2000006c   Section       20  timers.o(.data)
    xLastTime                                0x2000006c   Data           2  timers.o(.data)
    xTimerQueue                              0x20000070   Data           4  timers.o(.data)
    xTimerTaskHandle                         0x20000074   Data           4  timers.o(.data)
    pxCurrentTimerList                       0x20000078   Data           4  timers.o(.data)
    pxOverflowTimerList                      0x2000007c   Data           4  timers.o(.data)
    .data                                    0x20000080   Section       24  port.o(.data)
    ucMaxSysCallPriority                     0x20000080   Data           1  port.o(.data)
    uxCriticalNesting                        0x20000084   Data           4  port.o(.data)
    ulTimerCountsForOneTick                  0x20000088   Data           4  port.o(.data)
    xMaximumPossibleSuppressedTicks          0x2000008c   Data           4  port.o(.data)
    ulStoppedTimerCompensation               0x20000090   Data           4  port.o(.data)
    ulMaxPRIGROUPValue                       0x20000094   Data           4  port.o(.data)
    .data                                    0x20000098   Section       32  heap_4.o(.data)
    pxEnd                                    0x20000098   Data           4  heap_4.o(.data)
    xFreeBytesRemaining                      0x2000009c   Data           4  heap_4.o(.data)
    xMinimumEverFreeBytesRemaining           0x200000a0   Data           4  heap_4.o(.data)
    xNumberOfSuccessfulAllocations           0x200000a4   Data           4  heap_4.o(.data)
    xNumberOfSuccessfulFrees                 0x200000a8   Data           4  heap_4.o(.data)
    xBlockAllocatedBit                       0x200000ac   Data           4  heap_4.o(.data)
    xStart                                   0x200000b0   Data           8  heap_4.o(.data)
    .data                                    0x200000b8   Section        4  delay.o(.data)
    fac_us                                   0x200000b8   Data           1  delay.o(.data)
    fac_ms                                   0x200000ba   Data           2  delay.o(.data)
    .data                                    0x200000bc   Section        4  usart_1.o(.data)
    .data                                    0x200000c0   Section        4  usart_1.o(.data)
    .bss                                     0x200000c4   Section     1992  freertos_demo.o(.bss)
    .bss                                     0x2000088c   Section       64  queue.o(.bss)
    .bss                                     0x200008cc   Section      740  tasks.o(.bss)
    pxReadyTasksLists                        0x200008cc   Data         640  tasks.o(.bss)
    xDelayedTaskList1                        0x20000b4c   Data          20  tasks.o(.bss)
    xDelayedTaskList2                        0x20000b60   Data          20  tasks.o(.bss)
    xPendingReadyList                        0x20000b74   Data          20  tasks.o(.bss)
    xTasksWaitingTermination                 0x20000b88   Data          20  tasks.o(.bss)
    xSuspendedTaskList                       0x20000b9c   Data          20  tasks.o(.bss)
    .bss                                     0x20000bb0   Section      204  timers.o(.bss)
    xStaticTimerQueue                        0x20000bb0   Data          84  timers.o(.bss)
    ucStaticTimerQueueStorage                0x20000c04   Data          80  timers.o(.bss)
    xActiveTimerList1                        0x20000c54   Data          20  timers.o(.bss)
    xActiveTimerList2                        0x20000c68   Data          20  timers.o(.bss)
    .bss                                     0x20000c7c   Section    20480  heap_4.o(.bss)
    ucHeap                                   0x20000c7c   Data       20480  heap_4.o(.bss)
    .bss                                     0x20005c7c   Section      268  usart_1.o(.bss)
    .bss                                     0x20005d88   Section       96  libspace.o(.bss)
    HEAP                                     0x20005de8   Section      512  startup_stm32f103xe.o(HEAP)
    Heap_Mem                                 0x20005de8   Data         512  startup_stm32f103xe.o(HEAP)
    STACK                                    0x20005fe8   Section     1024  startup_stm32f103xe.o(STACK)
    Stack_Mem                                0x20005fe8   Data        1024  startup_stm32f103xe.o(STACK)
    __initial_sp                             0x200063e8   Data           0  startup_stm32f103xe.o(STACK)

    Global Symbols

    Symbol Name                              Value     Ov Type        Size  Object(Section)

    BuildAttributes$$THM_ISAv4$P$D$K$B$S$PE$A:L22UL41UL21$X:L11$S22US41US21$IEEE1$IW$USESV6$~STKCKD$USESV7$~SHL$OSPACE$ROPI$EBA8$UX$STANDARDLIB$REQ8$PRES8$EABIv2 0x00000000   Number         0  anon$$obj.o ABSOLUTE
    __ARM_use_no_argv                        0x00000000   Number         0  main.o ABSOLUTE
    __ARM_exceptions_init                     - Undefined Weak Reference
    __alloca_initialize                       - Undefined Weak Reference
    __arm_fini_                               - Undefined Weak Reference
    __arm_preinit_                            - Undefined Weak Reference
    __cpp_initialize__aeabi_                  - Undefined Weak Reference
    __cxa_finalize                            - Undefined Weak Reference
    __rt_locale                               - Undefined Weak Reference
    __sigvec_lookup                           - Undefined Weak Reference
    _atexit_init                              - Undefined Weak Reference
    _call_atexit_fns                          - Undefined Weak Reference
    _clock_init                               - Undefined Weak Reference
    _fp_trap_init                             - Undefined Weak Reference
    _fp_trap_shutdown                         - Undefined Weak Reference
    _get_lc_collate                           - Undefined Weak Reference
    _get_lc_ctype                             - Undefined Weak Reference
    _get_lc_monetary                          - Undefined Weak Reference
    _get_lc_numeric                           - Undefined Weak Reference
    _get_lc_time                              - Undefined Weak Reference
    _getenv_init                              - Undefined Weak Reference
    _handle_redirection                       - Undefined Weak Reference
    _init_alloc                               - Undefined Weak Reference
    _init_user_alloc                          - Undefined Weak Reference
    _initio                                   - Undefined Weak Reference
    _mutex_acquire                            - Undefined Weak Reference
    _mutex_release                            - Undefined Weak Reference
    _printf_mbtowc                            - Undefined Weak Reference
    _printf_post_padding                      - Undefined Weak Reference
    _printf_pre_padding                       - Undefined Weak Reference
    _printf_truncate_signed                   - Undefined Weak Reference
    _printf_truncate_unsigned                 - Undefined Weak Reference
    _rand_init                                - Undefined Weak Reference
    _signal_finish                            - Undefined Weak Reference
    _signal_init                              - Undefined Weak Reference
    _terminate_alloc                          - Undefined Weak Reference
    _terminate_user_alloc                     - Undefined Weak Reference
    _terminateio                              - Undefined Weak Reference
    __Vectors_Size                           0x00000130   Number         0  startup_stm32f103xe.o ABSOLUTE
    __Vectors                                0x08000000   Data           4  startup_stm32f103xe.o(RESET)
    __Vectors_End                            0x08000130   Data           0  startup_stm32f103xe.o(RESET)
    __main                                   0x08000131   Thumb Code     8  __main.o(!!!main)
    __scatterload                            0x08000139   Thumb Code     0  __scatter.o(!!!scatter)
    __scatterload_rt2                        0x08000139   Thumb Code    44  __scatter.o(!!!scatter)
    __scatterload_rt2_thumb_only             0x08000139   Thumb Code     0  __scatter.o(!!!scatter)
    __scatterload_null                       0x08000147   Thumb Code     0  __scatter.o(!!!scatter)
    __scatterload_copy                       0x0800016d   Thumb Code    26  __scatter_copy.o(!!handler_copy)
    __scatterload_zeroinit                   0x08000189   Thumb Code    28  __scatter_zi.o(!!handler_zi)
    _printf_d                                0x080001a5   Thumb Code     0  _printf_d.o(.ARM.Collect$$_printf_percent$$00000009)
    _printf_percent                          0x080001a5   Thumb Code     0  _printf_percent.o(.ARM.Collect$$_printf_percent$$00000000)
    _printf_s                                0x080001ab   Thumb Code     0  _printf_s.o(.ARM.Collect$$_printf_percent$$00000014)
    _printf_percent_end                      0x080001b1   Thumb Code     0  _printf_percent_end.o(.ARM.Collect$$_printf_percent$$00000017)
    __rt_lib_init                            0x080001b5   Thumb Code     0  libinit.o(.ARM.Collect$$libinit$$00000000)
    __rt_lib_init_alloca_1                   0x080001b7   Thumb Code     0  libinit2.o(.ARM.Collect$$libinit$$0000002E)
    __rt_lib_init_argv_1                     0x080001b7   Thumb Code     0  libinit2.o(.ARM.Collect$$libinit$$0000002C)
    __rt_lib_init_atexit_1                   0x080001b7   Thumb Code     0  libinit2.o(.ARM.Collect$$libinit$$0000001B)
    __rt_lib_init_clock_1                    0x080001b7   Thumb Code     0  libinit2.o(.ARM.Collect$$libinit$$00000021)
    __rt_lib_init_cpp_1                      0x080001b7   Thumb Code     0  libinit2.o(.ARM.Collect$$libinit$$00000032)
    __rt_lib_init_exceptions_1               0x080001b7   Thumb Code     0  libinit2.o(.ARM.Collect$$libinit$$00000030)
    __rt_lib_init_fp_1                       0x080001b7   Thumb Code     0  libinit2.o(.ARM.Collect$$libinit$$00000002)
    __rt_lib_init_fp_trap_1                  0x080001b7   Thumb Code     0  libinit2.o(.ARM.Collect$$libinit$$0000001F)
    __rt_lib_init_getenv_1                   0x080001b7   Thumb Code     0  libinit2.o(.ARM.Collect$$libinit$$00000023)
    __rt_lib_init_heap_1                     0x080001b7   Thumb Code     0  libinit2.o(.ARM.Collect$$libinit$$0000000A)
    __rt_lib_init_lc_collate_1               0x080001b7   Thumb Code     0  libinit2.o(.ARM.Collect$$libinit$$00000011)
    __rt_lib_init_lc_ctype_1                 0x080001b7   Thumb Code     0  libinit2.o(.ARM.Collect$$libinit$$00000013)
    __rt_lib_init_lc_monetary_1              0x080001b7   Thumb Code     0  libinit2.o(.ARM.Collect$$libinit$$00000015)
    __rt_lib_init_lc_numeric_1               0x080001b7   Thumb Code     0  libinit2.o(.ARM.Collect$$libinit$$00000017)
    __rt_lib_init_lc_time_1                  0x080001b7   Thumb Code     0  libinit2.o(.ARM.Collect$$libinit$$00000019)
    __rt_lib_init_preinit_1                  0x080001b7   Thumb Code     0  libinit2.o(.ARM.Collect$$libinit$$00000004)
    __rt_lib_init_rand_1                     0x080001b7   Thumb Code     0  libinit2.o(.ARM.Collect$$libinit$$0000000E)
    __rt_lib_init_return                     0x080001b7   Thumb Code     0  libinit2.o(.ARM.Collect$$libinit$$00000033)
    __rt_lib_init_signal_1                   0x080001b7   Thumb Code     0  libinit2.o(.ARM.Collect$$libinit$$0000001D)
    __rt_lib_init_stdio_1                    0x080001b7   Thumb Code     0  libinit2.o(.ARM.Collect$$libinit$$00000025)
    __rt_lib_init_user_alloc_1               0x080001b7   Thumb Code     0  libinit2.o(.ARM.Collect$$libinit$$0000000C)
    __rt_lib_shutdown                        0x080001b9   Thumb Code     0  libshutdown.o(.ARM.Collect$$libshutdown$$00000000)
    __rt_lib_shutdown_cpp_1                  0x080001bb   Thumb Code     0  libshutdown2.o(.ARM.Collect$$libshutdown$$00000004)
    __rt_lib_shutdown_fini_1                 0x080001bb   Thumb Code     0  libshutdown2.o(.ARM.Collect$$libshutdown$$00000002)
    __rt_lib_shutdown_fp_trap_1              0x080001bb   Thumb Code     0  libshutdown2.o(.ARM.Collect$$libshutdown$$00000009)
    __rt_lib_shutdown_heap_1                 0x080001bb   Thumb Code     0  libshutdown2.o(.ARM.Collect$$libshutdown$$00000011)
    __rt_lib_shutdown_return                 0x080001bb   Thumb Code     0  libshutdown2.o(.ARM.Collect$$libshutdown$$00000012)
    __rt_lib_shutdown_signal_1               0x080001bb   Thumb Code     0  libshutdown2.o(.ARM.Collect$$libshutdown$$0000000C)
    __rt_lib_shutdown_stdio_1                0x080001bb   Thumb Code     0  libshutdown2.o(.ARM.Collect$$libshutdown$$00000006)
    __rt_lib_shutdown_user_alloc_1           0x080001bb   Thumb Code     0  libshutdown2.o(.ARM.Collect$$libshutdown$$0000000E)
    __rt_entry                               0x080001bd   Thumb Code     0  __rtentry.o(.ARM.Collect$$rtentry$$00000000)
    __rt_entry_presh_1                       0x080001bd   Thumb Code     0  __rtentry2.o(.ARM.Collect$$rtentry$$00000002)
    __rt_entry_sh                            0x080001bd   Thumb Code     0  __rtentry4.o(.ARM.Collect$$rtentry$$00000004)
    __rt_entry_li                            0x080001c3   Thumb Code     0  __rtentry2.o(.ARM.Collect$$rtentry$$0000000A)
    __rt_entry_postsh_1                      0x080001c3   Thumb Code     0  __rtentry2.o(.ARM.Collect$$rtentry$$00000009)
    __rt_entry_main                          0x080001c7   Thumb Code     0  __rtentry2.o(.ARM.Collect$$rtentry$$0000000D)
    __rt_entry_postli_1                      0x080001c7   Thumb Code     0  __rtentry2.o(.ARM.Collect$$rtentry$$0000000C)
    __rt_exit                                0x080001cf   Thumb Code     0  rtexit.o(.ARM.Collect$$rtexit$$00000000)
    __rt_exit_ls                             0x080001d1   Thumb Code     0  rtexit2.o(.ARM.Collect$$rtexit$$00000003)
    __rt_exit_prels_1                        0x080001d1   Thumb Code     0  rtexit2.o(.ARM.Collect$$rtexit$$00000002)
    __rt_exit_exit                           0x080001d5   Thumb Code     0  rtexit2.o(.ARM.Collect$$rtexit$$00000004)
    SVC_Handler                              0x080001dd   Thumb Code    32  port.o(.emb_text)
    __asm___6_port_c_39a90d8d__prvStartFirstTask 0x08000201   Thumb Code    28  port.o(.emb_text)
    PendSV_Handler                           0x08000221   Thumb Code    72  port.o(.emb_text)
    vPortGetIPSR                             0x0800026d   Thumb Code     6  port.o(.emb_text)
    Reset_Handler                            0x08000275   Thumb Code     8  startup_stm32f103xe.o(.text)
    ADC1_2_IRQHandler                        0x0800028f   Thumb Code     0  startup_stm32f103xe.o(.text)
    ADC3_IRQHandler                          0x0800028f   Thumb Code     0  startup_stm32f103xe.o(.text)
    CAN1_RX1_IRQHandler                      0x0800028f   Thumb Code     0  startup_stm32f103xe.o(.text)
    CAN1_SCE_IRQHandler                      0x0800028f   Thumb Code     0  startup_stm32f103xe.o(.text)
    DMA1_Channel1_IRQHandler                 0x0800028f   Thumb Code     0  startup_stm32f103xe.o(.text)
    DMA1_Channel2_IRQHandler                 0x0800028f   Thumb Code     0  startup_stm32f103xe.o(.text)
    DMA1_Channel3_IRQHandler                 0x0800028f   Thumb Code     0  startup_stm32f103xe.o(.text)
    DMA1_Channel4_IRQHandler                 0x0800028f   Thumb Code     0  startup_stm32f103xe.o(.text)
    DMA1_Channel5_IRQHandler                 0x0800028f   Thumb Code     0  startup_stm32f103xe.o(.text)
    DMA1_Channel6_IRQHandler                 0x0800028f   Thumb Code     0  startup_stm32f103xe.o(.text)
    DMA1_Channel7_IRQHandler                 0x0800028f   Thumb Code     0  startup_stm32f103xe.o(.text)
    DMA2_Channel1_IRQHandler                 0x0800028f   Thumb Code     0  startup_stm32f103xe.o(.text)
    DMA2_Channel2_IRQHandler                 0x0800028f   Thumb Code     0  startup_stm32f103xe.o(.text)
    DMA2_Channel3_IRQHandler                 0x0800028f   Thumb Code     0  startup_stm32f103xe.o(.text)
    DMA2_Channel4_5_IRQHandler               0x0800028f   Thumb Code     0  startup_stm32f103xe.o(.text)
    EXTI0_IRQHandler                         0x0800028f   Thumb Code     0  startup_stm32f103xe.o(.text)
    EXTI15_10_IRQHandler                     0x0800028f   Thumb Code     0  startup_stm32f103xe.o(.text)
    EXTI1_IRQHandler                         0x0800028f   Thumb Code     0  startup_stm32f103xe.o(.text)
    EXTI2_IRQHandler                         0x0800028f   Thumb Code     0  startup_stm32f103xe.o(.text)
    EXTI9_5_IRQHandler                       0x0800028f   Thumb Code     0  startup_stm32f103xe.o(.text)
    FLASH_IRQHandler                         0x0800028f   Thumb Code     0  startup_stm32f103xe.o(.text)
    FSMC_IRQHandler                          0x0800028f   Thumb Code     0  startup_stm32f103xe.o(.text)
    I2C1_ER_IRQHandler                       0x0800028f   Thumb Code     0  startup_stm32f103xe.o(.text)
    I2C1_EV_IRQHandler                       0x0800028f   Thumb Code     0  startup_stm32f103xe.o(.text)
    I2C2_ER_IRQHandler                       0x0800028f   Thumb Code     0  startup_stm32f103xe.o(.text)
    I2C2_EV_IRQHandler                       0x0800028f   Thumb Code     0  startup_stm32f103xe.o(.text)
    PVD_IRQHandler                           0x0800028f   Thumb Code     0  startup_stm32f103xe.o(.text)
    RCC_IRQHandler                           0x0800028f   Thumb Code     0  startup_stm32f103xe.o(.text)
    RTC_Alarm_IRQHandler                     0x0800028f   Thumb Code     0  startup_stm32f103xe.o(.text)
    RTC_IRQHandler                           0x0800028f   Thumb Code     0  startup_stm32f103xe.o(.text)
    SDIO_IRQHandler                          0x0800028f   Thumb Code     0  startup_stm32f103xe.o(.text)
    SPI1_IRQHandler                          0x0800028f   Thumb Code     0  startup_stm32f103xe.o(.text)
    SPI2_IRQHandler                          0x0800028f   Thumb Code     0  startup_stm32f103xe.o(.text)
    SPI3_IRQHandler                          0x0800028f   Thumb Code     0  startup_stm32f103xe.o(.text)
    TAMPER_IRQHandler                        0x0800028f   Thumb Code     0  startup_stm32f103xe.o(.text)
    TIM1_BRK_IRQHandler                      0x0800028f   Thumb Code     0  startup_stm32f103xe.o(.text)
    TIM1_CC_IRQHandler                       0x0800028f   Thumb Code     0  startup_stm32f103xe.o(.text)
    TIM1_TRG_COM_IRQHandler                  0x0800028f   Thumb Code     0  startup_stm32f103xe.o(.text)
    TIM1_UP_IRQHandler                       0x0800028f   Thumb Code     0  startup_stm32f103xe.o(.text)
    TIM4_IRQHandler                          0x0800028f   Thumb Code     0  startup_stm32f103xe.o(.text)
    TIM5_IRQHandler                          0x0800028f   Thumb Code     0  startup_stm32f103xe.o(.text)
    TIM6_IRQHandler                          0x0800028f   Thumb Code     0  startup_stm32f103xe.o(.text)
    TIM7_IRQHandler                          0x0800028f   Thumb Code     0  startup_stm32f103xe.o(.text)
    TIM8_BRK_IRQHandler                      0x0800028f   Thumb Code     0  startup_stm32f103xe.o(.text)
    TIM8_CC_IRQHandler                       0x0800028f   Thumb Code     0  startup_stm32f103xe.o(.text)
    TIM8_TRG_COM_IRQHandler                  0x0800028f   Thumb Code     0  startup_stm32f103xe.o(.text)
    TIM8_UP_IRQHandler                       0x0800028f   Thumb Code     0  startup_stm32f103xe.o(.text)
    UART4_IRQHandler                         0x0800028f   Thumb Code     0  startup_stm32f103xe.o(.text)
    UART5_IRQHandler                         0x0800028f   Thumb Code     0  startup_stm32f103xe.o(.text)
    USART2_IRQHandler                        0x0800028f   Thumb Code     0  startup_stm32f103xe.o(.text)
    USART3_IRQHandler                        0x0800028f   Thumb Code     0  startup_stm32f103xe.o(.text)
    USBWakeUp_IRQHandler                     0x0800028f   Thumb Code     0  startup_stm32f103xe.o(.text)
    USB_HP_CAN1_TX_IRQHandler                0x0800028f   Thumb Code     0  startup_stm32f103xe.o(.text)
    USB_LP_CAN1_RX0_IRQHandler               0x0800028f   Thumb Code     0  startup_stm32f103xe.o(.text)
    WWDG_IRQHandler                          0x0800028f   Thumb Code     0  startup_stm32f103xe.o(.text)
    __user_initial_stackheap                 0x08000291   Thumb Code     0  startup_stm32f103xe.o(.text)
    __use_no_semihosting                     0x080002b5   Thumb Code     2  use_no_semi_2.o(.text)
    __2printf                                0x080002b9   Thumb Code    20  noretval__2printf.o(.text)
    __printf                                 0x080002d1   Thumb Code   104  __printf.o(.text)
    _printf_str                              0x08000339   Thumb Code    82  _printf_str.o(.text)
    _printf_int_dec                          0x0800038d   Thumb Code   104  _printf_dec.o(.text)
    __aeabi_memcpy                           0x08000405   Thumb Code     0  rt_memcpy_v6.o(.text)
    __rt_memcpy                              0x08000405   Thumb Code   138  rt_memcpy_v6.o(.text)
    _memcpy_lastbytes                        0x0800046b   Thumb Code     0  rt_memcpy_v6.o(.text)
    __aeabi_memset                           0x0800048f   Thumb Code    16  aeabi_memset.o(.text)
    __aeabi_memclr4                          0x0800049f   Thumb Code     0  rt_memclr_w.o(.text)
    __aeabi_memclr8                          0x0800049f   Thumb Code     0  rt_memclr_w.o(.text)
    __rt_memclr_w                            0x0800049f   Thumb Code    78  rt_memclr_w.o(.text)
    _memset_w                                0x080004a3   Thumb Code     0  rt_memclr_w.o(.text)
    __use_two_region_memory                  0x080004ed   Thumb Code     2  heapauxi.o(.text)
    __rt_heap_escrow$2region                 0x080004ef   Thumb Code     2  heapauxi.o(.text)
    __rt_heap_expand$2region                 0x080004f1   Thumb Code     2  heapauxi.o(.text)
    __I$use$semihosting                      0x080004f3   Thumb Code     0  use_no_semi.o(.text)
    __use_no_semihosting_swi                 0x080004f3   Thumb Code     2  use_no_semi.o(.text)
    _printf_int_common                       0x080004f5   Thumb Code   178  _printf_intcommon.o(.text)
    _printf_char_common                      0x080005b3   Thumb Code    32  _printf_char_common.o(.text)
    _printf_cs_common                        0x080005d9   Thumb Code    20  _printf_char.o(.text)
    _printf_char                             0x080005ed   Thumb Code    16  _printf_char.o(.text)
    _printf_string                           0x080005fd   Thumb Code     8  _printf_char.o(.text)
    _printf_char_file                        0x08000605   Thumb Code    32  _printf_char_file.o(.text)
    __aeabi_memcpy4                          0x08000629   Thumb Code     0  rt_memcpy_w.o(.text)
    __aeabi_memcpy8                          0x08000629   Thumb Code     0  rt_memcpy_w.o(.text)
    __rt_memcpy_w                            0x08000629   Thumb Code   100  rt_memcpy_w.o(.text)
    _memcpy_lastbytes_aligned                0x08000671   Thumb Code     0  rt_memcpy_w.o(.text)
    __aeabi_memclr                           0x0800068d   Thumb Code     0  rt_memclr.o(.text)
    __rt_memclr                              0x0800068d   Thumb Code    68  rt_memclr.o(.text)
    _memset                                  0x08000691   Thumb Code     0  rt_memclr.o(.text)
    ferror                                   0x080006d1   Thumb Code     8  ferror.o(.text)
    __user_setup_stackheap                   0x080006d9   Thumb Code    74  sys_stackheap_outer.o(.text)
    exit                                     0x08000723   Thumb Code    18  exit.o(.text)
    __user_libspace                          0x08000735   Thumb Code     8  libspace.o(.text)
    __user_perproc_libspace                  0x08000735   Thumb Code     0  libspace.o(.text)
    __user_perthread_libspace                0x08000735   Thumb Code     0  libspace.o(.text)
    BusFault_Handler                         0x0800073d   Thumb Code     2  stm32f1xx_it.o(i.BusFault_Handler)
    CONFIGURE_TIMER_FOR_RUN_TIME_STATS       0x08000741   Thumb Code    18  freertos_demo.o(i.CONFIGURE_TIMER_FOR_RUN_TIME_STATS)
    DebugMon_Handler                         0x08000759   Thumb Code     2  stm32f1xx_it.o(i.DebugMon_Handler)
    EXTI3_IRQHandler                         0x0800075d   Thumb Code    26  freertos_demo.o(i.EXTI3_IRQHandler)
    EXTI4_IRQHandler                         0x0800077d   Thumb Code    26  freertos_demo.o(i.EXTI4_IRQHandler)
    HAL_DMA_Abort                            0x0800079d   Thumb Code    70  stm32f1xx_hal_dma.o(i.HAL_DMA_Abort)
    HAL_DMA_Abort_IT                         0x080007e5   Thumb Code   296  stm32f1xx_hal_dma.o(i.HAL_DMA_Abort_IT)
    HAL_GPIO_EXTI_Callback                   0x08000915   Thumb Code     2  freertos_demo.o(i.HAL_GPIO_EXTI_Callback)
    HAL_GPIO_EXTI_IRQHandler                 0x08000919   Thumb Code    18  stm32f1xx_hal_gpio.o(i.HAL_GPIO_EXTI_IRQHandler)
    HAL_GPIO_Init                            0x08000931   Thumb Code   462  stm32f1xx_hal_gpio.o(i.HAL_GPIO_Init)
    HAL_GPIO_ReadPin                         0x08000b29   Thumb Code    10  stm32f1xx_hal_gpio.o(i.HAL_GPIO_ReadPin)
    HAL_GPIO_WritePin                        0x08000b33   Thumb Code    10  stm32f1xx_hal_gpio.o(i.HAL_GPIO_WritePin)
    HAL_GetTick                              0x08000b3d   Thumb Code     6  stm32f1xx_hal.o(i.HAL_GetTick)
    HAL_Init                                 0x08000b49   Thumb Code    32  stm32f1xx_hal.o(i.HAL_Init)
    HAL_InitTick                             0x08000b6d   Thumb Code    54  stm32f1xx_hal.o(i.HAL_InitTick)
    HAL_MspInit                              0x08000bad   Thumb Code    58  stm32f1xx_hal_msp.o(i.HAL_MspInit)
    HAL_NVIC_EnableIRQ                       0x08000bf1   Thumb Code    26  stm32f1xx_hal_cortex.o(i.HAL_NVIC_EnableIRQ)
    HAL_NVIC_SetPriority                     0x08000c0d   Thumb Code    60  stm32f1xx_hal_cortex.o(i.HAL_NVIC_SetPriority)
    HAL_NVIC_SetPriorityGrouping             0x08000c4d   Thumb Code    26  stm32f1xx_hal_cortex.o(i.HAL_NVIC_SetPriorityGrouping)
    HAL_RCC_ClockConfig                      0x08000c71   Thumb Code   280  stm32f1xx_hal_rcc.o(i.HAL_RCC_ClockConfig)
    HAL_RCC_GetPCLK1Freq                     0x08000d9d   Thumb Code    20  stm32f1xx_hal_rcc.o(i.HAL_RCC_GetPCLK1Freq)
    HAL_RCC_GetPCLK2Freq                     0x08000dbd   Thumb Code    20  stm32f1xx_hal_rcc.o(i.HAL_RCC_GetPCLK2Freq)
    HAL_RCC_GetSysClockFreq                  0x08000ddd   Thumb Code    74  stm32f1xx_hal_rcc.o(i.HAL_RCC_GetSysClockFreq)
    HAL_RCC_OscConfig                        0x08000e49   Thumb Code   778  stm32f1xx_hal_rcc.o(i.HAL_RCC_OscConfig)
    HAL_SYSTICK_CLKSourceConfig              0x08001169   Thumb Code    24  stm32f1xx_hal_cortex.o(i.HAL_SYSTICK_CLKSourceConfig)
    HAL_SYSTICK_Config                       0x08001181   Thumb Code    40  stm32f1xx_hal_cortex.o(i.HAL_SYSTICK_Config)
    HAL_TIMEx_BreakCallback                  0x080011a9   Thumb Code     2  stm32f1xx_hal_tim_ex.o(i.HAL_TIMEx_BreakCallback)
    HAL_TIMEx_CommutCallback                 0x080011ab   Thumb Code     2  stm32f1xx_hal_tim_ex.o(i.HAL_TIMEx_CommutCallback)
    HAL_TIM_Base_Init                        0x080011ad   Thumb Code    90  stm32f1xx_hal_tim.o(i.HAL_TIM_Base_Init)
    HAL_TIM_Base_MspInit                     0x08001207   Thumb Code     2  stm32f1xx_hal_tim.o(i.HAL_TIM_Base_MspInit)
    HAL_TIM_Base_Start_IT                    0x08001209   Thumb Code    88  stm32f1xx_hal_tim.o(i.HAL_TIM_Base_Start_IT)
    HAL_TIM_IC_CaptureCallback               0x08001275   Thumb Code     2  stm32f1xx_hal_tim.o(i.HAL_TIM_IC_CaptureCallback)
    HAL_TIM_IRQHandler                       0x08001277   Thumb Code   358  stm32f1xx_hal_tim.o(i.HAL_TIM_IRQHandler)
    HAL_TIM_OC_DelayElapsedCallback          0x080013dd   Thumb Code     2  stm32f1xx_hal_tim.o(i.HAL_TIM_OC_DelayElapsedCallback)
    HAL_TIM_PWM_PulseFinishedCallback        0x080013df   Thumb Code     2  stm32f1xx_hal_tim.o(i.HAL_TIM_PWM_PulseFinishedCallback)
    HAL_TIM_PeriodElapsedCallback            0x080013e1   Thumb Code    30  freertos_demo.o(i.HAL_TIM_PeriodElapsedCallback)
    HAL_TIM_TriggerCallback                  0x0800141d   Thumb Code     2  stm32f1xx_hal_tim.o(i.HAL_TIM_TriggerCallback)
    HAL_UARTEx_RxEventCallback               0x0800141f   Thumb Code     2  stm32f1xx_hal_uart.o(i.HAL_UARTEx_RxEventCallback)
    HAL_UART_ErrorCallback                   0x08001421   Thumb Code     2  stm32f1xx_hal_uart.o(i.HAL_UART_ErrorCallback)
    HAL_UART_GetState                        0x08001423   Thumb Code    10  stm32f1xx_hal_uart.o(i.HAL_UART_GetState)
    HAL_UART_IRQHandler                      0x0800142d   Thumb Code   520  stm32f1xx_hal_uart.o(i.HAL_UART_IRQHandler)
    HAL_UART_Init                            0x08001639   Thumb Code    98  stm32f1xx_hal_uart.o(i.HAL_UART_Init)
    HAL_UART_MspInit                         0x0800169d   Thumb Code   126  usart_1.o(i.HAL_UART_MspInit)
    HAL_UART_Receive_IT                      0x08001729   Thumb Code    42  stm32f1xx_hal_uart.o(i.HAL_UART_Receive_IT)
    HAL_UART_RxCpltCallback                  0x08001755   Thumb Code    76  usart_1.o(i.HAL_UART_RxCpltCallback)
    HAL_UART_TxCpltCallback                  0x080017ad   Thumb Code     2  stm32f1xx_hal_uart.o(i.HAL_UART_TxCpltCallback)
    HardFault_Handler                        0x080017af   Thumb Code     2  stm32f1xx_it.o(i.HardFault_Handler)
    MX_GPIO_Init                             0x080017b1   Thumb Code   152  gpio.o(i.MX_GPIO_Init)
    MemManage_Handler                        0x08001855   Thumb Code     2  stm32f1xx_it.o(i.MemManage_Handler)
    NMI_Handler                              0x08001857   Thumb Code     2  stm32f1xx_it.o(i.NMI_Handler)
    Start_Task                               0x08001859   Thumb Code   102  freertos_demo.o(i.Start_Task)
    SysTick_Handler                          0x080018f5   Thumb Code    20  delay.o(i.SysTick_Handler)
    SystemClock_Config                       0x08001909   Thumb Code    94  main.o(i.SystemClock_Config)
    SystemInit                               0x08001967   Thumb Code     2  system_stm32f1xx.o(i.SystemInit)
    TIM2_IRQHandler                          0x08001969   Thumb Code     6  freertos_demo.o(i.TIM2_IRQHandler)
    TIM3_IRQHandler                          0x08001975   Thumb Code     6  freertos_demo.o(i.TIM3_IRQHandler)
    TIM_Base_SetConfig                       0x08001981   Thumb Code   120  stm32f1xx_hal_tim.o(i.TIM_Base_SetConfig)
    Task1                                    0x08001a0d   Thumb Code    76  freertos_demo.o(i.Task1)
    Timer1_Callback                          0x08001a61   Thumb Code    16  freertos_demo.o(i.Timer1_Callback)
    Timer2_Callback                          0x08001a91   Thumb Code    16  freertos_demo.o(i.Timer2_Callback)
    UART_Start_Receive_IT                    0x08001c71   Thumb Code    54  stm32f1xx_hal_uart.o(i.UART_Start_Receive_IT)
    USART1_IRQHandler                        0x08001ca9   Thumb Code    34  usart_1.o(i.USART1_IRQHandler)
    UsageFault_Handler                       0x08001cd5   Thumb Code     2  stm32f1xx_it.o(i.UsageFault_Handler)
    _sys_exit                                0x08001cf7   Thumb Code     2  usart_1.o(i._sys_exit)
    delay_init                               0x08001cf9   Thumb Code    60  delay.o(i.delay_init)
    eTaskConfirmSleepModeStatus              0x08001d41   Thumb Code    44  tasks.o(i.eTaskConfirmSleepModeStatus)
    fputc                                    0x08001d75   Thumb Code    18  usart_1.o(i.fputc)
    freeRTOS_demo                            0x08001d8d   Thumb Code    34  freertos_demo.o(i.freeRTOS_demo)
    main                                     0x08001dc5   Thumb Code    40  main.o(i.main)
    pvPortMalloc                             0x08002815   Thumb Code   232  heap_4.o(i.pvPortMalloc)
    pxPortInitialiseStack                    0x08002941   Thumb Code    32  port.o(i.pxPortInitialiseStack)
    task2                                    0x08002965   Thumb Code    24  freertos_demo.o(i.task2)
    timer_Init                               0x08002991   Thumb Code   112  freertos_demo.o(i.timer_Init)
    uart_init                                0x08002a09   Thumb Code    44  usart_1.o(i.uart_init)
    uxListRemove                             0x08002a41   Thumb Code    38  list.o(i.uxListRemove)
    vApplicationGetIdleTaskMemory            0x08002a69   Thumb Code    16  freertos_demo.o(i.vApplicationGetIdleTaskMemory)
    vApplicationGetTimerTaskMemory           0x08002a7d   Thumb Code    16  freertos_demo.o(i.vApplicationGetTimerTaskMemory)
    vListInitialise                          0x08002a91   Thumb Code    22  list.o(i.vListInitialise)
    vListInitialiseItem                      0x08002aa7   Thumb Code     6  list.o(i.vListInitialiseItem)
    vListInsert                              0x08002aad   Thumb Code    52  list.o(i.vListInsert)
    vListInsertEnd                           0x08002ae1   Thumb Code    24  list.o(i.vListInsertEnd)
    vPortEnterCritical                       0x08002af9   Thumb Code    50  port.o(i.vPortEnterCritical)
    vPortExitCritical                        0x08002b75   Thumb Code    34  port.o(i.vPortExitCritical)
    vPortFree                                0x08002bdd   Thumb Code   100  heap_4.o(i.vPortFree)
    vPortSetupTimerInterrupt                 0x08002c85   Thumb Code    64  port.o(i.vPortSetupTimerInterrupt)
    vPortSuppressTicksAndSleep               0x08002ccd   Thumb Code   208  port.o(i.vPortSuppressTicksAndSleep)
    vPortValidateInterruptPriority           0x08002da1   Thumb Code    70  port.o(i.vPortValidateInterruptPriority)
    vQueueAddToRegistry                      0x08002e31   Thumb Code    74  queue.o(i.vQueueAddToRegistry)
    vQueueWaitForMessageRestricted           0x08002ead   Thumb Code    68  queue.o(i.vQueueWaitForMessageRestricted)
    vTaskDelay                               0x08002ef1   Thumb Code    62  tasks.o(i.vTaskDelay)
    vTaskDelete                              0x08002f65   Thumb Code   158  tasks.o(i.vTaskDelete)
    vTaskInternalSetTimeOutState             0x08003041   Thumb Code    12  tasks.o(i.vTaskInternalSetTimeOutState)
    vTaskMissedYield                         0x08003051   Thumb Code     8  tasks.o(i.vTaskMissedYield)
    vTaskPlaceOnEventList                    0x0800305d   Thumb Code    44  tasks.o(i.vTaskPlaceOnEventList)
    vTaskPlaceOnEventListRestricted          0x080030b9   Thumb Code    78  tasks.o(i.vTaskPlaceOnEventListRestricted)
    vTaskStartScheduler                      0x08003139   Thumb Code   116  tasks.o(i.vTaskStartScheduler)
    vTaskStepTick                            0x080031e9   Thumb Code    36  tasks.o(i.vTaskStepTick)
    vTaskSuspendAll                          0x0800323d   Thumb Code    10  tasks.o(i.vTaskSuspendAll)
    vTaskSwitchContext                       0x0800324d   Thumb Code   110  tasks.o(i.vTaskSwitchContext)
    xPortStartScheduler                      0x080032f5   Thumb Code   168  port.o(i.xPortStartScheduler)
    xPortSysTickHandler                      0x080033e9   Thumb Code    38  port.o(i.xPortSysTickHandler)
    xQueueGenericCreateStatic                0x08003415   Thumb Code    94  queue.o(i.xQueueGenericCreateStatic)
    xQueueGenericReset                       0x080034a1   Thumb Code   166  queue.o(i.xQueueGenericReset)
    xQueueGenericSend                        0x08003579   Thumb Code   360  queue.o(i.xQueueGenericSend)
    xQueueGenericSendFromISR                 0x08003711   Thumb Code   210  queue.o(i.xQueueGenericSendFromISR)
    xQueueReceive                            0x08003811   Thumb Code   300  queue.o(i.xQueueReceive)
    xTaskCheckForTimeOut                     0x0800396d   Thumb Code   116  tasks.o(i.xTaskCheckForTimeOut)
    xTaskCreate                              0x08003a11   Thumb Code    90  tasks.o(i.xTaskCreate)
    xTaskCreateStatic                        0x08003a6d   Thumb Code   106  tasks.o(i.xTaskCreateStatic)
    xTaskGetSchedulerState                   0x08003b05   Thumb Code    22  tasks.o(i.xTaskGetSchedulerState)
    xTaskGetTickCount                        0x08003b21   Thumb Code    18  tasks.o(i.xTaskGetTickCount)
    xTaskIncrementTick                       0x08003b39   Thumb Code   304  tasks.o(i.xTaskIncrementTick)
    xTaskPriorityDisinherit                  0x08003c9d   Thumb Code   166  tasks.o(i.xTaskPriorityDisinherit)
    xTaskRemoveFromEventList                 0x08003d79   Thumb Code   208  tasks.o(i.xTaskRemoveFromEventList)
    xTaskResumeAll                           0x08003e81   Thumb Code   286  tasks.o(i.xTaskResumeAll)
    xTimerCreate                             0x08003fdd   Thumb Code    52  timers.o(i.xTimerCreate)
    xTimerCreateTimerTask                    0x08004011   Thumb Code    80  timers.o(i.xTimerCreateTimerTask)
    xTimerGenericCommand                     0x0800409d   Thumb Code   100  timers.o(i.xTimerGenericCommand)
    AHBPrescTable                            0x08004130   Data          16  system_stm32f1xx.o(.constdata)
    APBPrescTable                            0x08004140   Data           8  system_stm32f1xx.o(.constdata)
    Region$$Table$$Base                      0x08004148   Number         0  anon$$obj.o(Region$$Table)
    Region$$Table$$Limit                     0x08004168   Number         0  anon$$obj.o(Region$$Table)
    Task1_Handle                             0x20000004   Data           4  freertos_demo.o(.data)
    Task2_Handle                             0x20000008   Data           4  freertos_demo.o(.data)
    timer1                                   0x2000000c   Data           4  freertos_demo.o(.data)
    timer2                                   0x20000010   Data           4  freertos_demo.o(.data)
    FreeRTOSRunTimeTicks                     0x20000014   Data           4  freertos_demo.o(.data)
    uwTickFreq                               0x20000018   Data           1  stm32f1xx_hal.o(.data)
    uwTickPrio                               0x2000001c   Data           4  stm32f1xx_hal.o(.data)
    uwTick                                   0x20000020   Data           4  stm32f1xx_hal.o(.data)
    SystemCoreClock                          0x20000024   Data           4  system_stm32f1xx.o(.data)
    pxCurrentTCB                             0x20000030   Data           4  tasks.o(.data)
    uxTopUsedPriority                        0x20000054   Data           4  tasks.o(.data)
    aRxBuffer                                0x200000bc   Data           1  usart_1.o(.data)
    USART_RX_STA                             0x200000be   Data           2  usart_1.o(.data)
    __stdout                                 0x200000c0   Data           4  usart_1.o(.data)
    Start_Task_Stack                         0x200000c4   Data         520  freertos_demo.o(.bss)
    start_TCB                                0x200002cc   Data          96  freertos_demo.o(.bss)
    IdleTaskTCB                              0x2000032c   Data          96  freertos_demo.o(.bss)
    IdleTaskStack                            0x2000038c   Data         520  freertos_demo.o(.bss)
    TimerTCB                                 0x20000594   Data          96  freertos_demo.o(.bss)
    TimerStack                               0x200005f4   Data         520  freertos_demo.o(.bss)
    TIM2_HDER                                0x200007fc   Data          72  freertos_demo.o(.bss)
    TIM3_HDER                                0x20000844   Data          72  freertos_demo.o(.bss)
    xQueueRegistry                           0x2000088c   Data          64  queue.o(.bss)
    USART_RX_BUF                             0x20005c7c   Data         200  usart_1.o(.bss)
    UART1_Handler                            0x20005d44   Data          68  usart_1.o(.bss)
    __libspace_start                         0x20005d88   Data          96  libspace.o(.bss)
    __temporary_stack_top$libspace           0x20005de8   Data           0  libspace.o(.bss)



==============================================================================

Memory Map of the image

  Image Entry point : 0x08000131

  Load Region LR_IROM1 (Base: 0x08000000, Size: 0x0000422c, Max: 0x00080000, ABSOLUTE)

    Execution Region ER_IROM1 (Exec base: 0x08000000, Load base: 0x08000000, Size: 0x00004168, Max: 0x00080000, ABSOLUTE)

    Exec Addr    Load Addr    Size         Type   Attr      Idx    E Section Name        Object

    0x08000000   0x08000000   0x00000130   Data   RO            3    RESET               startup_stm32f103xe.o
    0x08000130   0x08000130   0x00000008   Code   RO         4480  * !!!main             c_w.l(__main.o)
    0x08000138   0x08000138   0x00000034   Code   RO         4658    !!!scatter          c_w.l(__scatter.o)
    0x0800016c   0x0800016c   0x0000001a   Code   RO         4660    !!handler_copy      c_w.l(__scatter_copy.o)
    0x08000186   0x08000186   0x00000002   PAD
    0x08000188   0x08000188   0x0000001c   Code   RO         4662    !!handler_zi        c_w.l(__scatter_zi.o)
    0x080001a4   0x080001a4   0x00000000   Code   RO         4465    .ARM.Collect$$_printf_percent$$00000000  c_w.l(_printf_percent.o)
    0x080001a4   0x080001a4   0x00000006   Code   RO         4463    .ARM.Collect$$_printf_percent$$00000009  c_w.l(_printf_d.o)
    0x080001aa   0x080001aa   0x00000006   Code   RO         4462    .ARM.Collect$$_printf_percent$$00000014  c_w.l(_printf_s.o)
    0x080001b0   0x080001b0   0x00000004   Code   RO         4495    .ARM.Collect$$_printf_percent$$00000017  c_w.l(_printf_percent_end.o)
    0x080001b4   0x080001b4   0x00000002   Code   RO         4530    .ARM.Collect$$libinit$$00000000  c_w.l(libinit.o)
    0x080001b6   0x080001b6   0x00000000   Code   RO         4537    .ARM.Collect$$libinit$$00000002  c_w.l(libinit2.o)
    0x080001b6   0x080001b6   0x00000000   Code   RO         4539    .ARM.Collect$$libinit$$00000004  c_w.l(libinit2.o)
    0x080001b6   0x080001b6   0x00000000   Code   RO         4542    .ARM.Collect$$libinit$$0000000A  c_w.l(libinit2.o)
    0x080001b6   0x080001b6   0x00000000   Code   RO         4544    .ARM.Collect$$libinit$$0000000C  c_w.l(libinit2.o)
    0x080001b6   0x080001b6   0x00000000   Code   RO         4546    .ARM.Collect$$libinit$$0000000E  c_w.l(libinit2.o)
    0x080001b6   0x080001b6   0x00000000   Code   RO         4549    .ARM.Collect$$libinit$$00000011  c_w.l(libinit2.o)
    0x080001b6   0x080001b6   0x00000000   Code   RO         4551    .ARM.Collect$$libinit$$00000013  c_w.l(libinit2.o)
    0x080001b6   0x080001b6   0x00000000   Code   RO         4553    .ARM.Collect$$libinit$$00000015  c_w.l(libinit2.o)
    0x080001b6   0x080001b6   0x00000000   Code   RO         4555    .ARM.Collect$$libinit$$00000017  c_w.l(libinit2.o)
    0x080001b6   0x080001b6   0x00000000   Code   RO         4557    .ARM.Collect$$libinit$$00000019  c_w.l(libinit2.o)
    0x080001b6   0x080001b6   0x00000000   Code   RO         4559    .ARM.Collect$$libinit$$0000001B  c_w.l(libinit2.o)
    0x080001b6   0x080001b6   0x00000000   Code   RO         4561    .ARM.Collect$$libinit$$0000001D  c_w.l(libinit2.o)
    0x080001b6   0x080001b6   0x00000000   Code   RO         4563    .ARM.Collect$$libinit$$0000001F  c_w.l(libinit2.o)
    0x080001b6   0x080001b6   0x00000000   Code   RO         4565    .ARM.Collect$$libinit$$00000021  c_w.l(libinit2.o)
    0x080001b6   0x080001b6   0x00000000   Code   RO         4567    .ARM.Collect$$libinit$$00000023  c_w.l(libinit2.o)
    0x080001b6   0x080001b6   0x00000000   Code   RO         4569    .ARM.Collect$$libinit$$00000025  c_w.l(libinit2.o)
    0x080001b6   0x080001b6   0x00000000   Code   RO         4573    .ARM.Collect$$libinit$$0000002C  c_w.l(libinit2.o)
    0x080001b6   0x080001b6   0x00000000   Code   RO         4575    .ARM.Collect$$libinit$$0000002E  c_w.l(libinit2.o)
    0x080001b6   0x080001b6   0x00000000   Code   RO         4577    .ARM.Collect$$libinit$$00000030  c_w.l(libinit2.o)
    0x080001b6   0x080001b6   0x00000000   Code   RO         4579    .ARM.Collect$$libinit$$00000032  c_w.l(libinit2.o)
    0x080001b6   0x080001b6   0x00000002   Code   RO         4580    .ARM.Collect$$libinit$$00000033  c_w.l(libinit2.o)
    0x080001b8   0x080001b8   0x00000002   Code   RO         4598    .ARM.Collect$$libshutdown$$00000000  c_w.l(libshutdown.o)
    0x080001ba   0x080001ba   0x00000000   Code   RO         4608    .ARM.Collect$$libshutdown$$00000002  c_w.l(libshutdown2.o)
    0x080001ba   0x080001ba   0x00000000   Code   RO         4610    .ARM.Collect$$libshutdown$$00000004  c_w.l(libshutdown2.o)
    0x080001ba   0x080001ba   0x00000000   Code   RO         4612    .ARM.Collect$$libshutdown$$00000006  c_w.l(libshutdown2.o)
    0x080001ba   0x080001ba   0x00000000   Code   RO         4615    .ARM.Collect$$libshutdown$$00000009  c_w.l(libshutdown2.o)
    0x080001ba   0x080001ba   0x00000000   Code   RO         4618    .ARM.Collect$$libshutdown$$0000000C  c_w.l(libshutdown2.o)
    0x080001ba   0x080001ba   0x00000000   Code   RO         4620    .ARM.Collect$$libshutdown$$0000000E  c_w.l(libshutdown2.o)
    0x080001ba   0x080001ba   0x00000000   Code   RO         4623    .ARM.Collect$$libshutdown$$00000011  c_w.l(libshutdown2.o)
    0x080001ba   0x080001ba   0x00000002   Code   RO         4624    .ARM.Collect$$libshutdown$$00000012  c_w.l(libshutdown2.o)
    0x080001bc   0x080001bc   0x00000000   Code   RO         4484    .ARM.Collect$$rtentry$$00000000  c_w.l(__rtentry.o)
    0x080001bc   0x080001bc   0x00000000   Code   RO         4501    .ARM.Collect$$rtentry$$00000002  c_w.l(__rtentry2.o)
    0x080001bc   0x080001bc   0x00000006   Code   RO         4513    .ARM.Collect$$rtentry$$00000004  c_w.l(__rtentry4.o)
    0x080001c2   0x080001c2   0x00000000   Code   RO         4503    .ARM.Collect$$rtentry$$00000009  c_w.l(__rtentry2.o)
    0x080001c2   0x080001c2   0x00000004   Code   RO         4504    .ARM.Collect$$rtentry$$0000000A  c_w.l(__rtentry2.o)
    0x080001c6   0x080001c6   0x00000000   Code   RO         4506    .ARM.Collect$$rtentry$$0000000C  c_w.l(__rtentry2.o)
    0x080001c6   0x080001c6   0x00000008   Code   RO         4507    .ARM.Collect$$rtentry$$0000000D  c_w.l(__rtentry2.o)
    0x080001ce   0x080001ce   0x00000002   Code   RO         4534    .ARM.Collect$$rtexit$$00000000  c_w.l(rtexit.o)
    0x080001d0   0x080001d0   0x00000000   Code   RO         4582    .ARM.Collect$$rtexit$$00000002  c_w.l(rtexit2.o)
    0x080001d0   0x080001d0   0x00000004   Code   RO         4583    .ARM.Collect$$rtexit$$00000003  c_w.l(rtexit2.o)
    0x080001d4   0x080001d4   0x00000006   Code   RO         4584    .ARM.Collect$$rtexit$$00000004  c_w.l(rtexit2.o)
    0x080001da   0x080001da   0x00000002   PAD
    0x080001dc   0x080001dc   0x00000096   Code   RO         4100    .emb_text           port.o
    0x08000272   0x08000272   0x00000002   PAD
    0x08000274   0x08000274   0x00000040   Code   RO            4    .text               startup_stm32f103xe.o
    0x080002b4   0x080002b4   0x00000002   Code   RO         4423    .text               c_w.l(use_no_semi_2.o)
    0x080002b6   0x080002b6   0x00000002   PAD
    0x080002b8   0x080002b8   0x00000018   Code   RO         4431    .text               c_w.l(noretval__2printf.o)
    0x080002d0   0x080002d0   0x00000068   Code   RO         4435    .text               c_w.l(__printf.o)
    0x08000338   0x08000338   0x00000052   Code   RO         4437    .text               c_w.l(_printf_str.o)
    0x0800038a   0x0800038a   0x00000002   PAD
    0x0800038c   0x0800038c   0x00000078   Code   RO         4439    .text               c_w.l(_printf_dec.o)
    0x08000404   0x08000404   0x0000008a   Code   RO         4470    .text               c_w.l(rt_memcpy_v6.o)
    0x0800048e   0x0800048e   0x00000010   Code   RO         4474    .text               c_w.l(aeabi_memset.o)
    0x0800049e   0x0800049e   0x0000004e   Code   RO         4476    .text               c_w.l(rt_memclr_w.o)
    0x080004ec   0x080004ec   0x00000006   Code   RO         4478    .text               c_w.l(heapauxi.o)
    0x080004f2   0x080004f2   0x00000002   Code   RO         4482    .text               c_w.l(use_no_semi.o)
    0x080004f4   0x080004f4   0x000000b2   Code   RO         4485    .text               c_w.l(_printf_intcommon.o)
    0x080005a6   0x080005a6   0x00000002   PAD
    0x080005a8   0x080005a8   0x00000030   Code   RO         4487    .text               c_w.l(_printf_char_common.o)
    0x080005d8   0x080005d8   0x0000002c   Code   RO         4491    .text               c_w.l(_printf_char.o)
    0x08000604   0x08000604   0x00000024   Code   RO         4493    .text               c_w.l(_printf_char_file.o)
    0x08000628   0x08000628   0x00000064   Code   RO         4496    .text               c_w.l(rt_memcpy_w.o)
    0x0800068c   0x0800068c   0x00000044   Code   RO         4498    .text               c_w.l(rt_memclr.o)
    0x080006d0   0x080006d0   0x00000008   Code   RO         4517    .text               c_w.l(ferror.o)
    0x080006d8   0x080006d8   0x0000004a   Code   RO         4521    .text               c_w.l(sys_stackheap_outer.o)
    0x08000722   0x08000722   0x00000012   Code   RO         4523    .text               c_w.l(exit.o)
    0x08000734   0x08000734   0x00000008   Code   RO         4531    .text               c_w.l(libspace.o)
    0x0800073c   0x0800073c   0x00000002   Code   RO          241    i.BusFault_Handler  stm32f1xx_it.o
    0x0800073e   0x0800073e   0x00000002   PAD
    0x08000740   0x08000740   0x00000018   Code   RO          322    i.CONFIGURE_TIMER_FOR_RUN_TIME_STATS  freertos_demo.o
    0x08000758   0x08000758   0x00000002   Code   RO          242    i.DebugMon_Handler  stm32f1xx_it.o
    0x0800075a   0x0800075a   0x00000002   PAD
    0x0800075c   0x0800075c   0x00000020   Code   RO          323    i.EXTI3_IRQHandler  freertos_demo.o
    0x0800077c   0x0800077c   0x00000020   Code   RO          324    i.EXTI4_IRQHandler  freertos_demo.o
    0x0800079c   0x0800079c   0x00000046   Code   RO         2207    i.HAL_DMA_Abort     stm32f1xx_hal_dma.o
    0x080007e2   0x080007e2   0x00000002   PAD
    0x080007e4   0x080007e4   0x00000130   Code   RO         2208    i.HAL_DMA_Abort_IT  stm32f1xx_hal_dma.o
    0x08000914   0x08000914   0x00000002   Code   RO          325    i.HAL_GPIO_EXTI_Callback  freertos_demo.o
    0x08000916   0x08000916   0x00000002   PAD
    0x08000918   0x08000918   0x00000018   Code   RO         2142    i.HAL_GPIO_EXTI_IRQHandler  stm32f1xx_hal_gpio.o
    0x08000930   0x08000930   0x000001f8   Code   RO         2143    i.HAL_GPIO_Init     stm32f1xx_hal_gpio.o
    0x08000b28   0x08000b28   0x0000000a   Code   RO         2145    i.HAL_GPIO_ReadPin  stm32f1xx_hal_gpio.o
    0x08000b32   0x08000b32   0x0000000a   Code   RO         2147    i.HAL_GPIO_WritePin  stm32f1xx_hal_gpio.o
    0x08000b3c   0x08000b3c   0x0000000c   Code   RO         1839    i.HAL_GetTick       stm32f1xx_hal.o
    0x08000b48   0x08000b48   0x00000024   Code   RO         1846    i.HAL_Init          stm32f1xx_hal.o
    0x08000b6c   0x08000b6c   0x00000040   Code   RO         1847    i.HAL_InitTick      stm32f1xx_hal.o
    0x08000bac   0x08000bac   0x00000044   Code   RO          298    i.HAL_MspInit       stm32f1xx_hal_msp.o
    0x08000bf0   0x08000bf0   0x0000001a   Code   RO         2303    i.HAL_NVIC_EnableIRQ  stm32f1xx_hal_cortex.o
    0x08000c0a   0x08000c0a   0x00000002   PAD
    0x08000c0c   0x08000c0c   0x00000040   Code   RO         2309    i.HAL_NVIC_SetPriority  stm32f1xx_hal_cortex.o
    0x08000c4c   0x08000c4c   0x00000024   Code   RO         2310    i.HAL_NVIC_SetPriorityGrouping  stm32f1xx_hal_cortex.o
    0x08000c70   0x08000c70   0x0000012c   Code   RO         2003    i.HAL_RCC_ClockConfig  stm32f1xx_hal_rcc.o
    0x08000d9c   0x08000d9c   0x00000020   Code   RO         2010    i.HAL_RCC_GetPCLK1Freq  stm32f1xx_hal_rcc.o
    0x08000dbc   0x08000dbc   0x00000020   Code   RO         2011    i.HAL_RCC_GetPCLK2Freq  stm32f1xx_hal_rcc.o
    0x08000ddc   0x08000ddc   0x0000006c   Code   RO         2012    i.HAL_RCC_GetSysClockFreq  stm32f1xx_hal_rcc.o
    0x08000e48   0x08000e48   0x00000320   Code   RO         2015    i.HAL_RCC_OscConfig  stm32f1xx_hal_rcc.o
    0x08001168   0x08001168   0x00000018   Code   RO         2312    i.HAL_SYSTICK_CLKSourceConfig  stm32f1xx_hal_cortex.o
    0x08001180   0x08001180   0x00000028   Code   RO         2314    i.HAL_SYSTICK_Config  stm32f1xx_hal_cortex.o
    0x080011a8   0x080011a8   0x00000002   Code   RO         1204    i.HAL_TIMEx_BreakCallback  stm32f1xx_hal_tim_ex.o
    0x080011aa   0x080011aa   0x00000002   Code   RO         1205    i.HAL_TIMEx_CommutCallback  stm32f1xx_hal_tim_ex.o
    0x080011ac   0x080011ac   0x0000005a   Code   RO          500    i.HAL_TIM_Base_Init  stm32f1xx_hal_tim.o
    0x08001206   0x08001206   0x00000002   Code   RO          502    i.HAL_TIM_Base_MspInit  stm32f1xx_hal_tim.o
    0x08001208   0x08001208   0x0000006c   Code   RO          505    i.HAL_TIM_Base_Start_IT  stm32f1xx_hal_tim.o
    0x08001274   0x08001274   0x00000002   Code   RO          534    i.HAL_TIM_IC_CaptureCallback  stm32f1xx_hal_tim.o
    0x08001276   0x08001276   0x00000166   Code   RO          548    i.HAL_TIM_IRQHandler  stm32f1xx_hal_tim.o
    0x080013dc   0x080013dc   0x00000002   Code   RO          551    i.HAL_TIM_OC_DelayElapsedCallback  stm32f1xx_hal_tim.o
    0x080013de   0x080013de   0x00000002   Code   RO          578    i.HAL_TIM_PWM_PulseFinishedCallback  stm32f1xx_hal_tim.o
    0x080013e0   0x080013e0   0x0000003c   Code   RO          326    i.HAL_TIM_PeriodElapsedCallback  freertos_demo.o
    0x0800141c   0x0800141c   0x00000002   Code   RO          591    i.HAL_TIM_TriggerCallback  stm32f1xx_hal_tim.o
    0x0800141e   0x0800141e   0x00000002   Code   RO         1482    i.HAL_UARTEx_RxEventCallback  stm32f1xx_hal_uart.o
    0x08001420   0x08001420   0x00000002   Code   RO         1496    i.HAL_UART_ErrorCallback  stm32f1xx_hal_uart.o
    0x08001422   0x08001422   0x0000000a   Code   RO         1498    i.HAL_UART_GetState  stm32f1xx_hal_uart.o
    0x0800142c   0x0800142c   0x0000020c   Code   RO         1499    i.HAL_UART_IRQHandler  stm32f1xx_hal_uart.o
    0x08001638   0x08001638   0x00000062   Code   RO         1500    i.HAL_UART_Init     stm32f1xx_hal_uart.o
    0x0800169a   0x0800169a   0x00000002   PAD
    0x0800169c   0x0800169c   0x0000008c   Code   RO         4358    i.HAL_UART_MspInit  usart_1.o
    0x08001728   0x08001728   0x0000002a   Code   RO         1505    i.HAL_UART_Receive_IT  stm32f1xx_hal_uart.o
    0x08001752   0x08001752   0x00000002   PAD
    0x08001754   0x08001754   0x00000058   Code   RO         4359    i.HAL_UART_RxCpltCallback  usart_1.o
    0x080017ac   0x080017ac   0x00000002   Code   RO         1511    i.HAL_UART_TxCpltCallback  stm32f1xx_hal_uart.o
    0x080017ae   0x080017ae   0x00000002   Code   RO          243    i.HardFault_Handler  stm32f1xx_it.o
    0x080017b0   0x080017b0   0x000000a4   Code   RO          181    i.MX_GPIO_Init      gpio.o
    0x08001854   0x08001854   0x00000002   Code   RO          244    i.MemManage_Handler  stm32f1xx_it.o
    0x08001856   0x08001856   0x00000002   Code   RO          245    i.NMI_Handler       stm32f1xx_it.o
    0x08001858   0x08001858   0x0000009c   Code   RO          327    i.Start_Task        freertos_demo.o
    0x080018f4   0x080018f4   0x00000014   Code   RO         4308    i.SysTick_Handler   delay.o
    0x08001908   0x08001908   0x0000005e   Code   RO           14    i.SystemClock_Config  main.o
    0x08001966   0x08001966   0x00000002   Code   RO         2804    i.SystemInit        system_stm32f1xx.o
    0x08001968   0x08001968   0x0000000c   Code   RO          328    i.TIM2_IRQHandler   freertos_demo.o
    0x08001974   0x08001974   0x0000000c   Code   RO          329    i.TIM3_IRQHandler   freertos_demo.o
    0x08001980   0x08001980   0x0000008c   Code   RO          593    i.TIM_Base_SetConfig  stm32f1xx_hal_tim.o
    0x08001a0c   0x08001a0c   0x00000054   Code   RO          330    i.Task1             freertos_demo.o
    0x08001a60   0x08001a60   0x00000030   Code   RO          331    i.Timer1_Callback   freertos_demo.o
    0x08001a90   0x08001a90   0x00000030   Code   RO          332    i.Timer2_Callback   freertos_demo.o
    0x08001ac0   0x08001ac0   0x00000010   Code   RO         1513    i.UART_DMAAbortOnError  stm32f1xx_hal_uart.o
    0x08001ad0   0x08001ad0   0x00000030   Code   RO         1523    i.UART_EndRxTransfer  stm32f1xx_hal_uart.o
    0x08001b00   0x08001b00   0x000000b6   Code   RO         1525    i.UART_Receive_IT   stm32f1xx_hal_uart.o
    0x08001bb6   0x08001bb6   0x00000002   PAD
    0x08001bb8   0x08001bb8   0x000000b8   Code   RO         1526    i.UART_SetConfig    stm32f1xx_hal_uart.o
    0x08001c70   0x08001c70   0x00000036   Code   RO         1528    i.UART_Start_Receive_IT  stm32f1xx_hal_uart.o
    0x08001ca6   0x08001ca6   0x00000002   PAD
    0x08001ca8   0x08001ca8   0x0000002c   Code   RO         4360    i.USART1_IRQHandler  usart_1.o
    0x08001cd4   0x08001cd4   0x00000002   Code   RO          246    i.UsageFault_Handler  stm32f1xx_it.o
    0x08001cd6   0x08001cd6   0x00000020   Code   RO         2316    i.__NVIC_SetPriority  stm32f1xx_hal_cortex.o
    0x08001cf6   0x08001cf6   0x00000002   Code   RO         4361    i._sys_exit         usart_1.o
    0x08001cf8   0x08001cf8   0x00000048   Code   RO         4309    i.delay_init        delay.o
    0x08001d40   0x08001d40   0x00000034   Code   RO         3493    i.eTaskConfirmSleepModeStatus  tasks.o
    0x08001d74   0x08001d74   0x00000018   Code   RO         4362    i.fputc             usart_1.o
    0x08001d8c   0x08001d8c   0x00000038   Code   RO          333    i.freeRTOS_demo     freertos_demo.o
    0x08001dc4   0x08001dc4   0x00000028   Code   RO           15    i.main              main.o
    0x08001dec   0x08001dec   0x00000090   Code   RO         3496    i.prvAddCurrentTaskToDelayedList  tasks.o
    0x08001e7c   0x08001e7c   0x000000f0   Code   RO         3497    i.prvAddNewTaskToReadyList  tasks.o
    0x08001f6c   0x08001f6c   0x00000058   Code   RO         3930    i.prvCheckForValidListAndQueue  timers.o
    0x08001fc4   0x08001fc4   0x00000026   Code   RO         3045    i.prvCopyDataFromQueue  queue.o
    0x08001fea   0x08001fea   0x0000006c   Code   RO         3046    i.prvCopyDataToQueue  queue.o
    0x08002056   0x08002056   0x00000002   PAD
    0x08002058   0x08002058   0x00000060   Code   RO         3498    i.prvDeleteTCB      tasks.o
    0x080020b8   0x080020b8   0x00000034   Code   RO         3499    i.prvGetExpectedIdleTime  tasks.o
    0x080020ec   0x080020ec   0x0000004c   Code   RO         4195    i.prvHeapInit       heap_4.o
    0x08002138   0x08002138   0x000000b8   Code   RO         3500    i.prvIdleTask       tasks.o
    0x080021f0   0x080021f0   0x00000026   Code   RO         3048    i.prvInitialiseNewQueue  queue.o
    0x08002216   0x08002216   0x00000002   PAD
    0x08002218   0x08002218   0x000000e0   Code   RO         3501    i.prvInitialiseNewTask  tasks.o
    0x080022f8   0x080022f8   0x00000070   Code   RO         3931    i.prvInitialiseNewTimer  timers.o
    0x08002368   0x08002368   0x0000004c   Code   RO         4196    i.prvInsertBlockIntoFreeList  heap_4.o
    0x080023b4   0x080023b4   0x0000003c   Code   RO         3932    i.prvInsertTimerInActiveList  timers.o
    0x080023f0   0x080023f0   0x0000001c   Code   RO         3049    i.prvIsQueueEmpty   queue.o
    0x0800240c   0x0800240c   0x000000a0   Code   RO         3050    i.prvNotifyQueueSetContainer  queue.o
    0x080024ac   0x080024ac   0x00000040   Code   RO         3933    i.prvProcessExpiredTimer  timers.o
    0x080024ec   0x080024ec   0x00000128   Code   RO         3934    i.prvProcessReceivedCommands  timers.o
    0x08002614   0x08002614   0x0000006c   Code   RO         3935    i.prvProcessTimerOrBlockTask  timers.o
    0x08002680   0x08002680   0x0000002c   Code   RO         3936    i.prvReloadTimer    timers.o
    0x080026ac   0x080026ac   0x0000001c   Code   RO         3503    i.prvResetNextTaskUnblockTime  tasks.o
    0x080026c8   0x080026c8   0x00000048   Code   RO         3937    i.prvSampleTimeNow  timers.o
    0x08002710   0x08002710   0x00000068   Code   RO         4101    i.prvTaskExitError  port.o
    0x08002778   0x08002778   0x00000024   Code   RO         3938    i.prvTimerTask      timers.o
    0x0800279c   0x0800279c   0x00000076   Code   RO         3051    i.prvUnlockQueue    queue.o
    0x08002812   0x08002812   0x00000002   PAD
    0x08002814   0x08002814   0x0000012c   Code   RO         4197    i.pvPortMalloc      heap_4.o
    0x08002940   0x08002940   0x00000024   Code   RO         4102    i.pxPortInitialiseStack  port.o
    0x08002964   0x08002964   0x0000002c   Code   RO          334    i.task2             freertos_demo.o
    0x08002990   0x08002990   0x00000078   Code   RO          336    i.timer_Init        freertos_demo.o
    0x08002a08   0x08002a08   0x00000038   Code   RO         4363    i.uart_init         usart_1.o
    0x08002a40   0x08002a40   0x00000026   Code   RO         2993    i.uxListRemove      list.o
    0x08002a66   0x08002a66   0x00000002   PAD
    0x08002a68   0x08002a68   0x00000014   Code   RO          337    i.vApplicationGetIdleTaskMemory  freertos_demo.o
    0x08002a7c   0x08002a7c   0x00000014   Code   RO          338    i.vApplicationGetTimerTaskMemory  freertos_demo.o
    0x08002a90   0x08002a90   0x00000016   Code   RO         2994    i.vListInitialise   list.o
    0x08002aa6   0x08002aa6   0x00000006   Code   RO         2995    i.vListInitialiseItem  list.o
    0x08002aac   0x08002aac   0x00000034   Code   RO         2996    i.vListInsert       list.o
    0x08002ae0   0x08002ae0   0x00000018   Code   RO         2997    i.vListInsertEnd    list.o
    0x08002af8   0x08002af8   0x0000007c   Code   RO         4104    i.vPortEnterCritical  port.o
    0x08002b74   0x08002b74   0x00000068   Code   RO         4105    i.vPortExitCritical  port.o
    0x08002bdc   0x08002bdc   0x000000a8   Code   RO         4198    i.vPortFree         heap_4.o
    0x08002c84   0x08002c84   0x00000048   Code   RO         4106    i.vPortSetupTimerInterrupt  port.o
    0x08002ccc   0x08002ccc   0x000000d4   Code   RO         4107    i.vPortSuppressTicksAndSleep  port.o
    0x08002da0   0x08002da0   0x00000090   Code   RO         4108    i.vPortValidateInterruptPriority  port.o
    0x08002e30   0x08002e30   0x0000007c   Code   RO         3057    i.vQueueAddToRegistry  queue.o
    0x08002eac   0x08002eac   0x00000044   Code   RO         3061    i.vQueueWaitForMessageRestricted  queue.o
    0x08002ef0   0x08002ef0   0x00000074   Code   RO         3518    i.vTaskDelay        tasks.o
    0x08002f64   0x08002f64   0x000000dc   Code   RO         3519    i.vTaskDelete       tasks.o
    0x08003040   0x08003040   0x00000010   Code   RO         3524    i.vTaskInternalSetTimeOutState  tasks.o
    0x08003050   0x08003050   0x0000000c   Code   RO         3526    i.vTaskMissedYield  tasks.o
    0x0800305c   0x0800305c   0x0000005c   Code   RO         3527    i.vTaskPlaceOnEventList  tasks.o
    0x080030b8   0x080030b8   0x00000080   Code   RO         3528    i.vTaskPlaceOnEventListRestricted  tasks.o
    0x08003138   0x08003138   0x000000b0   Code   RO         3536    i.vTaskStartScheduler  tasks.o
    0x080031e8   0x080031e8   0x00000054   Code   RO         3537    i.vTaskStepTick     tasks.o
    0x0800323c   0x0800323c   0x00000010   Code   RO         3539    i.vTaskSuspendAll   tasks.o
    0x0800324c   0x0800324c   0x000000a8   Code   RO         3540    i.vTaskSwitchContext  tasks.o
    0x080032f4   0x080032f4   0x000000f4   Code   RO         4109    i.xPortStartScheduler  port.o
    0x080033e8   0x080033e8   0x0000002c   Code   RO         4110    i.xPortSysTickHandler  port.o
    0x08003414   0x08003414   0x0000008c   Code   RO         3069    i.xQueueGenericCreateStatic  queue.o
    0x080034a0   0x080034a0   0x000000d8   Code   RO         3070    i.xQueueGenericReset  queue.o
    0x08003578   0x08003578   0x00000198   Code   RO         3071    i.xQueueGenericSend  queue.o
    0x08003710   0x08003710   0x00000100   Code   RO         3072    i.xQueueGenericSendFromISR  queue.o
    0x08003810   0x08003810   0x0000015c   Code   RO         3079    i.xQueueReceive     queue.o
    0x0800396c   0x0800396c   0x000000a4   Code   RO         3542    i.xTaskCheckForTimeOut  tasks.o
    0x08003a10   0x08003a10   0x0000005a   Code   RO         3543    i.xTaskCreate       tasks.o
    0x08003a6a   0x08003a6a   0x00000002   PAD
    0x08003a6c   0x08003a6c   0x00000098   Code   RO         3544    i.xTaskCreateStatic  tasks.o
    0x08003b04   0x08003b04   0x0000001c   Code   RO         3552    i.xTaskGetSchedulerState  tasks.o
    0x08003b20   0x08003b20   0x00000018   Code   RO         3553    i.xTaskGetTickCount  tasks.o
    0x08003b38   0x08003b38   0x00000164   Code   RO         3555    i.xTaskIncrementTick  tasks.o
    0x08003c9c   0x08003c9c   0x000000dc   Code   RO         3556    i.xTaskPriorityDisinherit  tasks.o
    0x08003d78   0x08003d78   0x00000108   Code   RO         3558    i.xTaskRemoveFromEventList  tasks.o
    0x08003e80   0x08003e80   0x0000015c   Code   RO         3559    i.xTaskResumeAll    tasks.o
    0x08003fdc   0x08003fdc   0x00000034   Code   RO         3945    i.xTimerCreate      timers.o
    0x08004010   0x08004010   0x0000008c   Code   RO         3947    i.xTimerCreateTimerTask  timers.o
    0x0800409c   0x0800409c   0x00000094   Code   RO         3948    i.xTimerGenericCommand  timers.o
    0x08004130   0x08004130   0x00000010   Data   RO         2805    .constdata          system_stm32f1xx.o
    0x08004140   0x08004140   0x00000008   Data   RO         2806    .constdata          system_stm32f1xx.o
    0x08004148   0x08004148   0x00000020   Data   RO         4656    Region$$Table       anon$$obj.o


    Execution Region RW_IRAM1 (Exec base: 0x20000000, Load base: 0x08004168, Size: 0x000063e8, Max: 0x00010000, ABSOLUTE)

    Exec Addr    Load Addr    Size         Type   Attr      Idx    E Section Name        Object

    0x20000000   0x08004168   0x00000018   Data   RW          340    .data               freertos_demo.o
    0x20000018   0x08004180   0x0000000c   Data   RW         1853    .data               stm32f1xx_hal.o
    0x20000024   0x0800418c   0x00000004   Data   RW         2807    .data               system_stm32f1xx.o
    0x20000028   0x08004190   0x00000044   Data   RW         3562    .data               tasks.o
    0x2000006c   0x080041d4   0x00000014   Data   RW         3956    .data               timers.o
    0x20000080   0x080041e8   0x00000018   Data   RW         4111    .data               port.o
    0x20000098   0x08004200   0x00000020   Data   RW         4204    .data               heap_4.o
    0x200000b8   0x08004220   0x00000004   Data   RW         4313    .data               delay.o
    0x200000bc   0x08004224   0x00000004   Data   RW         4365    .data               usart_1.o
    0x200000c0   0x08004228   0x00000004   Data   RW         4366    .data               usart_1.o
    0x200000c4        -       0x000007c8   Zero   RW          339    .bss                freertos_demo.o
    0x2000088c        -       0x00000040   Zero   RW         3086    .bss                queue.o
    0x200008cc        -       0x000002e4   Zero   RW         3561    .bss                tasks.o
    0x20000bb0        -       0x000000cc   Zero   RW         3955    .bss                timers.o
    0x20000c7c        -       0x00005000   Zero   RW         4203    .bss                heap_4.o
    0x20005c7c        -       0x0000010c   Zero   RW         4364    .bss                usart_1.o
    0x20005d88        -       0x00000060   Zero   RW         4532    .bss                c_w.l(libspace.o)
    0x20005de8        -       0x00000200   Zero   RW            2    HEAP                startup_stm32f103xe.o
    0x20005fe8        -       0x00000400   Zero   RW            1    STACK               startup_stm32f103xe.o


==============================================================================

Image component sizes


      Code (inc. data)   RO Data    RW Data    ZI Data      Debug   Object Name

        92         12          0          4          0       1223   delay.o
         0          0          0          0          0      24008   event_groups.o
       770        244          0         24       1992      14723   freertos_demo.o
       164         12          0          0          0        963   gpio.o
       620        150          0         32      20480       4139   heap_4.o
       142          0          0          0          0      12538   list.o
       134          0          0          0          0     513204   main.o
      1234        398          0         24          0      11622   port.o
      2050        332          0          0         64      16472   queue.o
        64         26        304          0       1536        824   startup_stm32f103xe.o
       112         20          0         12          0       5499   stm32f1xx_hal.o
       222         14          0          0          0      29617   stm32f1xx_hal_cortex.o
       374          8          0          0          0       1871   stm32f1xx_hal_dma.o
       548         48          0          0          0       4190   stm32f1xx_hal_gpio.o
        68         10          0          0          0        894   stm32f1xx_hal_msp.o
      1272        100          0          0          0       5260   stm32f1xx_hal_rcc.o
       706         40          0          0          0       7168   stm32f1xx_hal_tim.o
         4          0          0          0          0       1585   stm32f1xx_hal_tim_ex.o
      1164         10          0          0          0       9204   stm32f1xx_hal_uart.o
        12          0          0          0          0       2657   stm32f1xx_it.o
         2          0         24          4          0       1155   system_stm32f1xx.o
      3694        920          0         68        740      45258   tasks.o
      1220        256          0         20        204      13286   timers.o
       354         54          0          8        268       5289   usart_1.o

    ----------------------------------------------------------------------
     15052       2654        360        196      25284     732649   Object Totals
         0          0         32          0          0          0   (incl. Generated)
        30          0          0          0          0          0   (incl. Padding)

    ----------------------------------------------------------------------

      Code (inc. data)   RO Data    RW Data    ZI Data      Debug   Library Member Name

         8          0          0          0          0         68   __main.o
       104          0          0          0          0         84   __printf.o
         0          0          0          0          0          0   __rtentry.o
        12          0          0          0          0          0   __rtentry2.o
         6          0          0          0          0          0   __rtentry4.o
        52          8          0          0          0          0   __scatter.o
        26          0          0          0          0          0   __scatter_copy.o
        28          0          0          0          0          0   __scatter_zi.o
        44          0          0          0          0        108   _printf_char.o
        48          6          0          0          0         96   _printf_char_common.o
        36          4          0          0          0         80   _printf_char_file.o
         6          0          0          0          0          0   _printf_d.o
       120         16          0          0          0         92   _printf_dec.o
       178          0          0          0          0         88   _printf_intcommon.o
         0          0          0          0          0          0   _printf_percent.o
         4          0          0          0          0          0   _printf_percent_end.o
         6          0          0          0          0          0   _printf_s.o
        82          0          0          0          0         80   _printf_str.o
        16          0          0          0          0         68   aeabi_memset.o
        18          0          0          0          0         80   exit.o
         8          0          0          0          0         68   ferror.o
         6          0          0          0          0        152   heapauxi.o
         2          0          0          0          0          0   libinit.o
         2          0          0          0          0          0   libinit2.o
         2          0          0          0          0          0   libshutdown.o
         2          0          0          0          0          0   libshutdown2.o
         8          4          0          0         96         68   libspace.o
        24          4          0          0          0         84   noretval__2printf.o
        68          0          0          0          0         68   rt_memclr.o
        78          0          0          0          0         80   rt_memclr_w.o
       138          0          0          0          0         68   rt_memcpy_v6.o
       100          0          0          0          0         80   rt_memcpy_w.o
         2          0          0          0          0          0   rtexit.o
        10          0          0          0          0          0   rtexit2.o
        74          0          0          0          0         80   sys_stackheap_outer.o
         2          0          0          0          0         68   use_no_semi.o
         2          0          0          0          0         68   use_no_semi_2.o

    ----------------------------------------------------------------------
      1332         42          0          0         96       1728   Library Totals
        10          0          0          0          0          0   (incl. Padding)

    ----------------------------------------------------------------------

      Code (inc. data)   RO Data    RW Data    ZI Data      Debug   Library Name

      1322         42          0          0         96       1728   c_w.l

    ----------------------------------------------------------------------
      1332         42          0          0         96       1728   Library Totals

    ----------------------------------------------------------------------

==============================================================================


      Code (inc. data)   RO Data    RW Data    ZI Data      Debug   

     16384       2696        360        196      25380     726001   Grand Totals
     16384       2696        360        196      25380     726001   ELF Image Totals
     16384       2696        360        196          0          0   ROM Totals

==============================================================================

    Total RO  Size (Code + RO Data)                16744 (  16.35kB)
    Total RW  Size (RW Data + ZI Data)             25576 (  24.98kB)
    Total ROM Size (Code + RO Data + RW Data)      16940 (  16.54kB)

==============================================================================

